Command line invocation:
    /Applications/Xcode.app/Contents/Developer/usr/bin/xcodebuild -project americo-whisper.xcodeproj -scheme americo-whisper -configuration Debug -destination platform=macOS CODE_SIGNING_ALLOWED=NO build -showBuildTimingSummary

Build settings from command line:
    CODE_SIGNING_ALLOWED = NO

ComputePackagePrebuildTargetDependencyGraph

Prepare packages

CreateBuildRequest

SendProjectDescription

CreateBuildOperation

ComputeTargetDependencyGraph
note: Building targets in dependency order
note: Target dependency graph (1 target)
    Target 'americo-whisper' in project 'americo-whisper' (no dependencies)

GatherProvisioningInputs

CreateBuildDescription

ExecuteExternalTool /Applications/Xcode.app/Contents/Developer/Toolchains/XcodeDefault.xctoolchain/usr/bin/clang -v -E -dM -isysroot /Applications/Xcode.app/Contents/Developer/Platforms/MacOSX.platform/Developer/SDKs/MacOSX26.2.sdk -x c -c /dev/null

ExecuteExternalTool /Applications/Xcode.app/Contents/Developer/usr/bin/actool --version --output-format xml1

ExecuteExternalTool /Applications/Xcode.app/Contents/Developer/Toolchains/XcodeDefault.xctoolchain/usr/bin/swiftc --version

ExecuteExternalTool /Applications/Xcode.app/Contents/Developer/Toolchains/XcodeDefault.xctoolchain/usr/bin/ld -version_details

Build description signature: 22c64a0775162068fc5c415781e5cd08
Build description path: /Volumes/MediaSSD/XC_BUILD/americo-whisper-avvwimpvamhlkygutqbuuzvflbzn/Build/Intermediates.noindex/XCBuildData/22c64a0775162068fc5c415781e5cd08.xcbuilddata
ClangStatCache /Applications/Xcode.app/Contents/Developer/Toolchains/XcodeDefault.xctoolchain/usr/bin/clang-stat-cache /Applications/Xcode.app/Contents/Developer/Platforms/MacOSX.platform/Developer/SDKs/MacOSX26.2.sdk /Volumes/MediaSSD/XC_BUILD/SDKStatCaches.noindex/macosx26.2-25C58-dc75598d0054f22ec865fa860f139d7200fa09913b459cbbc988d1f6730289ae.sdkstatcache
    cd /Users/americo/dev/Xcode\ Projects/americo-whisper/americo-whisper.xcodeproj
    /Applications/Xcode.app/Contents/Developer/Toolchains/XcodeDefault.xctoolchain/usr/bin/clang-stat-cache /Applications/Xcode.app/Contents/Developer/Platforms/MacOSX.platform/Developer/SDKs/MacOSX26.2.sdk -o /Volumes/MediaSSD/XC_BUILD/SDKStatCaches.noindex/macosx26.2-25C58-dc75598d0054f22ec865fa860f139d7200fa09913b459cbbc988d1f6730289ae.sdkstatcache

CreateBuildDirectory /Volumes/MediaSSD/XC_BUILD/americo-whisper-avvwimpvamhlkygutqbuuzvflbzn/Build/Products
    cd /Users/americo/dev/Xcode\ Projects/americo-whisper/americo-whisper.xcodeproj
    builtin-create-build-directory /Volumes/MediaSSD/XC_BUILD/americo-whisper-avvwimpvamhlkygutqbuuzvflbzn/Build/Products

CreateBuildDirectory /Volumes/MediaSSD/XC_BUILD/americo-whisper-avvwimpvamhlkygutqbuuzvflbzn/Build/Intermediates.noindex
    cd /Users/americo/dev/Xcode\ Projects/americo-whisper/americo-whisper.xcodeproj
    builtin-create-build-directory /Volumes/MediaSSD/XC_BUILD/americo-whisper-avvwimpvamhlkygutqbuuzvflbzn/Build/Intermediates.noindex

CreateBuildDirectory /Volumes/MediaSSD/XC_BUILD/americo-whisper-avvwimpvamhlkygutqbuuzvflbzn/Build/Intermediates.noindex/SwiftExplicitPrecompiledModules
    cd /Users/americo/dev/Xcode\ Projects/americo-whisper/americo-whisper.xcodeproj
    builtin-create-build-directory /Volumes/MediaSSD/XC_BUILD/americo-whisper-avvwimpvamhlkygutqbuuzvflbzn/Build/Intermediates.noindex/SwiftExplicitPrecompiledModules

CreateBuildDirectory /Volumes/MediaSSD/XC_BUILD/americo-whisper-avvwimpvamhlkygutqbuuzvflbzn/Build/Intermediates.noindex/ExplicitPrecompiledModules
    cd /Users/americo/dev/Xcode\ Projects/americo-whisper/americo-whisper.xcodeproj
    builtin-create-build-directory /Volumes/MediaSSD/XC_BUILD/americo-whisper-avvwimpvamhlkygutqbuuzvflbzn/Build/Intermediates.noindex/ExplicitPrecompiledModules

CreateBuildDirectory /Volumes/MediaSSD/XC_BUILD/americo-whisper-avvwimpvamhlkygutqbuuzvflbzn/Build/Products/Debug
    cd /Users/americo/dev/Xcode\ Projects/americo-whisper/americo-whisper.xcodeproj
    builtin-create-build-directory /Volumes/MediaSSD/XC_BUILD/americo-whisper-avvwimpvamhlkygutqbuuzvflbzn/Build/Products/Debug

WriteAuxiliaryFile /Volumes/MediaSSD/XC_BUILD/americo-whisper-avvwimpvamhlkygutqbuuzvflbzn/Build/Intermediates.noindex/americo-whisper.build/Debug/americo-whisper-8f2c762f0e3213dc90143ea994f0bcb7-VFS/all-product-headers.yaml
    cd /Users/americo/dev/Xcode\ Projects/americo-whisper/americo-whisper.xcodeproj
    write-file /Volumes/MediaSSD/XC_BUILD/americo-whisper-avvwimpvamhlkygutqbuuzvflbzn/Build/Intermediates.noindex/americo-whisper.build/Debug/americo-whisper-8f2c762f0e3213dc90143ea994f0bcb7-VFS/all-product-headers.yaml

CreateBuildDirectory /Volumes/MediaSSD/XC_BUILD/americo-whisper-avvwimpvamhlkygutqbuuzvflbzn/Build/Intermediates.noindex/EagerLinkingTBDs/Debug
    cd /Users/americo/dev/Xcode\ Projects/americo-whisper/americo-whisper.xcodeproj
    builtin-create-build-directory /Volumes/MediaSSD/XC_BUILD/americo-whisper-avvwimpvamhlkygutqbuuzvflbzn/Build/Intermediates.noindex/EagerLinkingTBDs/Debug

WriteAuxiliaryFile /Volumes/MediaSSD/XC_BUILD/americo-whisper-avvwimpvamhlkygutqbuuzvflbzn/Build/Intermediates.noindex/americo-whisper.build/Debug/americo-whisper.build/Américo\'s\ Whisper.hmap (in target 'americo-whisper' from project 'americo-whisper')
    cd /Users/americo/dev/Xcode\ Projects/americo-whisper
    write-file /Volumes/MediaSSD/XC_BUILD/americo-whisper-avvwimpvamhlkygutqbuuzvflbzn/Build/Intermediates.noindex/americo-whisper.build/Debug/americo-whisper.build/Américo\'s\ Whisper.hmap

WriteAuxiliaryFile /Volumes/MediaSSD/XC_BUILD/americo-whisper-avvwimpvamhlkygutqbuuzvflbzn/Build/Intermediates.noindex/americo-whisper.build/Debug/americo-whisper.build/Américo\'s\ Whisper-generated-files.hmap (in target 'americo-whisper' from project 'americo-whisper')
    cd /Users/americo/dev/Xcode\ Projects/americo-whisper
    write-file /Volumes/MediaSSD/XC_BUILD/americo-whisper-avvwimpvamhlkygutqbuuzvflbzn/Build/Intermediates.noindex/americo-whisper.build/Debug/americo-whisper.build/Américo\'s\ Whisper-generated-files.hmap

WriteAuxiliaryFile /Volumes/MediaSSD/XC_BUILD/americo-whisper-avvwimpvamhlkygutqbuuzvflbzn/Build/Intermediates.noindex/americo-whisper.build/Debug/americo-whisper.build/Américo\'s\ Whisper-project-headers.hmap (in target 'americo-whisper' from project 'americo-whisper')
    cd /Users/americo/dev/Xcode\ Projects/americo-whisper
    write-file /Volumes/MediaSSD/XC_BUILD/americo-whisper-avvwimpvamhlkygutqbuuzvflbzn/Build/Intermediates.noindex/americo-whisper.build/Debug/americo-whisper.build/Américo\'s\ Whisper-project-headers.hmap

WriteAuxiliaryFile /Volumes/MediaSSD/XC_BUILD/americo-whisper-avvwimpvamhlkygutqbuuzvflbzn/Build/Intermediates.noindex/americo-whisper.build/Debug/americo-whisper.build/Américo\'s\ Whisper-own-target-headers.hmap (in target 'americo-whisper' from project 'americo-whisper')
    cd /Users/americo/dev/Xcode\ Projects/americo-whisper
    write-file /Volumes/MediaSSD/XC_BUILD/americo-whisper-avvwimpvamhlkygutqbuuzvflbzn/Build/Intermediates.noindex/americo-whisper.build/Debug/americo-whisper.build/Américo\'s\ Whisper-own-target-headers.hmap

WriteAuxiliaryFile /Volumes/MediaSSD/XC_BUILD/americo-whisper-avvwimpvamhlkygutqbuuzvflbzn/Build/Intermediates.noindex/americo-whisper.build/Debug/americo-whisper.build/Américo\'s\ Whisper-all-non-framework-target-headers.hmap (in target 'americo-whisper' from project 'americo-whisper')
    cd /Users/americo/dev/Xcode\ Projects/americo-whisper
    write-file /Volumes/MediaSSD/XC_BUILD/americo-whisper-avvwimpvamhlkygutqbuuzvflbzn/Build/Intermediates.noindex/americo-whisper.build/Debug/americo-whisper.build/Américo\'s\ Whisper-all-non-framework-target-headers.hmap

WriteAuxiliaryFile /Volumes/MediaSSD/XC_BUILD/americo-whisper-avvwimpvamhlkygutqbuuzvflbzn/Build/Intermediates.noindex/americo-whisper.build/Debug/americo-whisper.build/Américo\'s\ Whisper-DebugDylibPath-normal-arm64.txt (in target 'americo-whisper' from project 'americo-whisper')
    cd /Users/americo/dev/Xcode\ Projects/americo-whisper
    write-file /Volumes/MediaSSD/XC_BUILD/americo-whisper-avvwimpvamhlkygutqbuuzvflbzn/Build/Intermediates.noindex/americo-whisper.build/Debug/americo-whisper.build/Américo\'s\ Whisper-DebugDylibPath-normal-arm64.txt

WriteAuxiliaryFile /Volumes/MediaSSD/XC_BUILD/americo-whisper-avvwimpvamhlkygutqbuuzvflbzn/Build/Intermediates.noindex/americo-whisper.build/Debug/americo-whisper.build/Américo\'s\ Whisper-all-target-headers.hmap (in target 'americo-whisper' from project 'americo-whisper')
    cd /Users/americo/dev/Xcode\ Projects/americo-whisper
    write-file /Volumes/MediaSSD/XC_BUILD/americo-whisper-avvwimpvamhlkygutqbuuzvflbzn/Build/Intermediates.noindex/americo-whisper.build/Debug/americo-whisper.build/Américo\'s\ Whisper-all-target-headers.hmap

WriteAuxiliaryFile /Volumes/MediaSSD/XC_BUILD/americo-whisper-avvwimpvamhlkygutqbuuzvflbzn/Build/Intermediates.noindex/americo-whisper.build/Debug/americo-whisper.build/Américo\'s\ Whisper.DependencyStaticMetadataFileList (in target 'americo-whisper' from project 'americo-whisper')
    cd /Users/americo/dev/Xcode\ Projects/americo-whisper
    write-file /Volumes/MediaSSD/XC_BUILD/americo-whisper-avvwimpvamhlkygutqbuuzvflbzn/Build/Intermediates.noindex/americo-whisper.build/Debug/americo-whisper.build/Américo\'s\ Whisper.DependencyStaticMetadataFileList

WriteAuxiliaryFile /Volumes/MediaSSD/XC_BUILD/americo-whisper-avvwimpvamhlkygutqbuuzvflbzn/Build/Intermediates.noindex/americo-whisper.build/Debug/americo-whisper.build/Objects-normal/arm64/americo-whisper_const_extract_protocols.json (in target 'americo-whisper' from project 'americo-whisper')
    cd /Users/americo/dev/Xcode\ Projects/americo-whisper
    write-file /Volumes/MediaSSD/XC_BUILD/americo-whisper-avvwimpvamhlkygutqbuuzvflbzn/Build/Intermediates.noindex/americo-whisper.build/Debug/americo-whisper.build/Objects-normal/arm64/americo-whisper_const_extract_protocols.json

WriteAuxiliaryFile /Volumes/MediaSSD/XC_BUILD/americo-whisper-avvwimpvamhlkygutqbuuzvflbzn/Build/Intermediates.noindex/americo-whisper.build/Debug/americo-whisper.build/Objects-normal/arm64/Américo\'s\ Whisper.SwiftFileList (in target 'americo-whisper' from project 'americo-whisper')
    cd /Users/americo/dev/Xcode\ Projects/americo-whisper
    write-file /Volumes/MediaSSD/XC_BUILD/americo-whisper-avvwimpvamhlkygutqbuuzvflbzn/Build/Intermediates.noindex/americo-whisper.build/Debug/americo-whisper.build/Objects-normal/arm64/Américo\'s\ Whisper.SwiftFileList

WriteAuxiliaryFile /Volumes/MediaSSD/XC_BUILD/americo-whisper-avvwimpvamhlkygutqbuuzvflbzn/Build/Intermediates.noindex/americo-whisper.build/Debug/americo-whisper.build/Objects-normal/arm64/americo-whisper-OutputFileMap.json (in target 'americo-whisper' from project 'americo-whisper')
    cd /Users/americo/dev/Xcode\ Projects/americo-whisper
    write-file /Volumes/MediaSSD/XC_BUILD/americo-whisper-avvwimpvamhlkygutqbuuzvflbzn/Build/Intermediates.noindex/americo-whisper.build/Debug/americo-whisper.build/Objects-normal/arm64/americo-whisper-OutputFileMap.json

WriteAuxiliaryFile /Volumes/MediaSSD/XC_BUILD/americo-whisper-avvwimpvamhlkygutqbuuzvflbzn/Build/Intermediates.noindex/americo-whisper.build/Debug/americo-whisper.build/Objects-normal/arm64/Américo\'s\ Whisper.SwiftConstValuesFileList (in target 'americo-whisper' from project 'americo-whisper')
    cd /Users/americo/dev/Xcode\ Projects/americo-whisper
    write-file /Volumes/MediaSSD/XC_BUILD/americo-whisper-avvwimpvamhlkygutqbuuzvflbzn/Build/Intermediates.noindex/americo-whisper.build/Debug/americo-whisper.build/Objects-normal/arm64/Américo\'s\ Whisper.SwiftConstValuesFileList

WriteAuxiliaryFile /Volumes/MediaSSD/XC_BUILD/americo-whisper-avvwimpvamhlkygutqbuuzvflbzn/Build/Intermediates.noindex/americo-whisper.build/Debug/americo-whisper.build/Objects-normal/arm64/Américo\'s\ Whisper.LinkFileList (in target 'americo-whisper' from project 'americo-whisper')
    cd /Users/americo/dev/Xcode\ Projects/americo-whisper
    write-file /Volumes/MediaSSD/XC_BUILD/americo-whisper-avvwimpvamhlkygutqbuuzvflbzn/Build/Intermediates.noindex/americo-whisper.build/Debug/americo-whisper.build/Objects-normal/arm64/Américo\'s\ Whisper.LinkFileList

WriteAuxiliaryFile /Volumes/MediaSSD/XC_BUILD/americo-whisper-avvwimpvamhlkygutqbuuzvflbzn/Build/Intermediates.noindex/americo-whisper.build/Debug/americo-whisper.build/Américo\'s\ Whisper.DependencyMetadataFileList (in target 'americo-whisper' from project 'americo-whisper')
    cd /Users/americo/dev/Xcode\ Projects/americo-whisper
    write-file /Volumes/MediaSSD/XC_BUILD/americo-whisper-avvwimpvamhlkygutqbuuzvflbzn/Build/Intermediates.noindex/americo-whisper.build/Debug/americo-whisper.build/Américo\'s\ Whisper.DependencyMetadataFileList

WriteAuxiliaryFile /Volumes/MediaSSD/XC_BUILD/americo-whisper-avvwimpvamhlkygutqbuuzvflbzn/Build/Intermediates.noindex/americo-whisper.build/Debug/americo-whisper.build/Américo\'s\ Whisper-DebugDylibInstallName-normal-arm64.txt (in target 'americo-whisper' from project 'americo-whisper')
    cd /Users/americo/dev/Xcode\ Projects/americo-whisper
    write-file /Volumes/MediaSSD/XC_BUILD/americo-whisper-avvwimpvamhlkygutqbuuzvflbzn/Build/Intermediates.noindex/americo-whisper.build/Debug/americo-whisper.build/Américo\'s\ Whisper-DebugDylibInstallName-normal-arm64.txt

MkDir /Volumes/MediaSSD/XC_BUILD/americo-whisper-avvwimpvamhlkygutqbuuzvflbzn/Build/Products/Debug/Américo\'s\ Whisper.app (in target 'americo-whisper' from project 'americo-whisper')
    cd /Users/americo/dev/Xcode\ Projects/americo-whisper
    /bin/mkdir -p /Volumes/MediaSSD/XC_BUILD/americo-whisper-avvwimpvamhlkygutqbuuzvflbzn/Build/Products/Debug/Américo\'s\ Whisper.app

MkDir /Volumes/MediaSSD/XC_BUILD/americo-whisper-avvwimpvamhlkygutqbuuzvflbzn/Build/Products/Debug/Américo\'s\ Whisper.app/Contents (in target 'americo-whisper' from project 'americo-whisper')
    cd /Users/americo/dev/Xcode\ Projects/americo-whisper
    /bin/mkdir -p /Volumes/MediaSSD/XC_BUILD/americo-whisper-avvwimpvamhlkygutqbuuzvflbzn/Build/Products/Debug/Américo\'s\ Whisper.app/Contents

MkDir /Volumes/MediaSSD/XC_BUILD/americo-whisper-avvwimpvamhlkygutqbuuzvflbzn/Build/Products/Debug/Américo\'s\ Whisper.app/Contents/Frameworks (in target 'americo-whisper' from project 'americo-whisper')
    cd /Users/americo/dev/Xcode\ Projects/americo-whisper
    /bin/mkdir -p /Volumes/MediaSSD/XC_BUILD/americo-whisper-avvwimpvamhlkygutqbuuzvflbzn/Build/Products/Debug/Américo\'s\ Whisper.app/Contents/Frameworks

MkDir /Volumes/MediaSSD/XC_BUILD/americo-whisper-avvwimpvamhlkygutqbuuzvflbzn/Build/Products/Debug/Américo\'s\ Whisper.app/Contents/MacOS (in target 'americo-whisper' from project 'americo-whisper')
    cd /Users/americo/dev/Xcode\ Projects/americo-whisper
    /bin/mkdir -p /Volumes/MediaSSD/XC_BUILD/americo-whisper-avvwimpvamhlkygutqbuuzvflbzn/Build/Products/Debug/Américo\'s\ Whisper.app/Contents/MacOS

MkDir /Volumes/MediaSSD/XC_BUILD/americo-whisper-avvwimpvamhlkygutqbuuzvflbzn/Build/Products/Debug/Américo\'s\ Whisper.app/Contents/Resources (in target 'americo-whisper' from project 'americo-whisper')
    cd /Users/americo/dev/Xcode\ Projects/americo-whisper
    /bin/mkdir -p /Volumes/MediaSSD/XC_BUILD/americo-whisper-avvwimpvamhlkygutqbuuzvflbzn/Build/Products/Debug/Américo\'s\ Whisper.app/Contents/Resources

Ld /Volumes/MediaSSD/XC_BUILD/americo-whisper-avvwimpvamhlkygutqbuuzvflbzn/Build/Products/Debug/Américo\'s\ Whisper.app/Contents/MacOS/__preview.dylib normal (in target 'americo-whisper' from project 'americo-whisper')
    cd /Users/americo/dev/Xcode\ Projects/americo-whisper
    /Applications/Xcode.app/Contents/Developer/Toolchains/XcodeDefault.xctoolchain/usr/bin/clang -Xlinker -reproducible -target arm64-apple-macos14.6 -dynamiclib -isysroot /Applications/Xcode.app/Contents/Developer/Platforms/MacOSX.platform/Developer/SDKs/MacOSX26.2.sdk -O0 -L/Volumes/MediaSSD/XC_BUILD/americo-whisper-avvwimpvamhlkygutqbuuzvflbzn/Build/Products/Debug -F/Volumes/MediaSSD/XC_BUILD/americo-whisper-avvwimpvamhlkygutqbuuzvflbzn/Build/Products/Debug -F/Users/americo/dev/Xcode\ Projects/americo-whisper -install_name @rpath/Américo\'s\ Whisper.debug.dylib -dead_strip -rdynamic -Xlinker -no_deduplicate -Xlinker -dependency_info -Xlinker /Volumes/MediaSSD/XC_BUILD/americo-whisper-avvwimpvamhlkygutqbuuzvflbzn/Build/Intermediates.noindex/americo-whisper.build/Debug/americo-whisper.build/Objects-normal/arm64/Américo\'s\ Whisper_dependency_info.dat -o /Volumes/MediaSSD/XC_BUILD/americo-whisper-avvwimpvamhlkygutqbuuzvflbzn/Build/Products/Debug/Américo\'s\ Whisper.app/Contents/MacOS/__preview.dylib

MkDir /Volumes/MediaSSD/XC_BUILD/americo-whisper-avvwimpvamhlkygutqbuuzvflbzn/Build/Intermediates.noindex/americo-whisper.build/Debug/americo-whisper.build/assetcatalog_output/thinned (in target 'americo-whisper' from project 'americo-whisper')
    cd /Users/americo/dev/Xcode\ Projects/americo-whisper
    /bin/mkdir -p /Volumes/MediaSSD/XC_BUILD/americo-whisper-avvwimpvamhlkygutqbuuzvflbzn/Build/Intermediates.noindex/americo-whisper.build/Debug/americo-whisper.build/assetcatalog_output/thinned

MkDir /Volumes/MediaSSD/XC_BUILD/americo-whisper-avvwimpvamhlkygutqbuuzvflbzn/Build/Intermediates.noindex/americo-whisper.build/Debug/americo-whisper.build/assetcatalog_output/unthinned (in target 'americo-whisper' from project 'americo-whisper')
    cd /Users/americo/dev/Xcode\ Projects/americo-whisper
    /bin/mkdir -p /Volumes/MediaSSD/XC_BUILD/americo-whisper-avvwimpvamhlkygutqbuuzvflbzn/Build/Intermediates.noindex/americo-whisper.build/Debug/americo-whisper.build/assetcatalog_output/unthinned

GenerateAssetSymbols /Users/americo/dev/Xcode\ Projects/americo-whisper/americo-whisper/Assets.xcassets (in target 'americo-whisper' from project 'americo-whisper')
    cd /Users/americo/dev/Xcode\ Projects/americo-whisper
    /Applications/Xcode.app/Contents/Developer/usr/bin/actool /Users/americo/dev/Xcode\ Projects/americo-whisper/americo-whisper/Assets.xcassets --compile /Volumes/MediaSSD/XC_BUILD/americo-whisper-avvwimpvamhlkygutqbuuzvflbzn/Build/Products/Debug/Américo\'s\ Whisper.app/Contents/Resources --output-format human-readable-text --notices --warnings --export-dependency-info /Volumes/MediaSSD/XC_BUILD/americo-whisper-avvwimpvamhlkygutqbuuzvflbzn/Build/Intermediates.noindex/americo-whisper.build/Debug/americo-whisper.build/assetcatalog_dependencies --output-partial-info-plist /Volumes/MediaSSD/XC_BUILD/americo-whisper-avvwimpvamhlkygutqbuuzvflbzn/Build/Intermediates.noindex/americo-whisper.build/Debug/americo-whisper.build/assetcatalog_generated_info.plist --app-icon AppIcon --accent-color AccentColor --enable-on-demand-resources NO --development-region en --target-device mac --minimum-deployment-target 14.6 --platform macosx --bundle-identifier com.americobcn.americo-whisper --generate-swift-asset-symbols /Volumes/MediaSSD/XC_BUILD/americo-whisper-avvwimpvamhlkygutqbuuzvflbzn/Build/Intermediates.noindex/americo-whisper.build/Debug/americo-whisper.build/DerivedSources/GeneratedAssetSymbols.swift --generate-objc-asset-symbols /Volumes/MediaSSD/XC_BUILD/americo-whisper-avvwimpvamhlkygutqbuuzvflbzn/Build/Intermediates.noindex/americo-whisper.build/Debug/americo-whisper.build/DerivedSources/GeneratedAssetSymbols.h --generate-asset-symbol-index /Volumes/MediaSSD/XC_BUILD/americo-whisper-avvwimpvamhlkygutqbuuzvflbzn/Build/Intermediates.noindex/americo-whisper.build/Debug/americo-whisper.build/DerivedSources/GeneratedAssetSymbols-Index.plist
/* com.apple.actool.compilation-results */
/Volumes/MediaSSD/XC_BUILD/americo-whisper-avvwimpvamhlkygutqbuuzvflbzn/Build/Intermediates.noindex/americo-whisper.build/Debug/americo-whisper.build/DerivedSources/GeneratedAssetSymbols-Index.plist
/Volumes/MediaSSD/XC_BUILD/americo-whisper-avvwimpvamhlkygutqbuuzvflbzn/Build/Intermediates.noindex/americo-whisper.build/Debug/americo-whisper.build/DerivedSources/GeneratedAssetSymbols.h
/Volumes/MediaSSD/XC_BUILD/americo-whisper-avvwimpvamhlkygutqbuuzvflbzn/Build/Intermediates.noindex/americo-whisper.build/Debug/americo-whisper.build/DerivedSources/GeneratedAssetSymbols.swift


CompileAssetCatalogVariant thinned /Volumes/MediaSSD/XC_BUILD/americo-whisper-avvwimpvamhlkygutqbuuzvflbzn/Build/Products/Debug/Américo\'s\ Whisper.app/Contents/Resources /Users/americo/dev/Xcode\ Projects/americo-whisper/americo-whisper/Assets.xcassets (in target 'americo-whisper' from project 'americo-whisper')
    cd /Users/americo/dev/Xcode\ Projects/americo-whisper
    /Applications/Xcode.app/Contents/Developer/usr/bin/actool /Users/americo/dev/Xcode\ Projects/americo-whisper/americo-whisper/Assets.xcassets --compile /Volumes/MediaSSD/XC_BUILD/americo-whisper-avvwimpvamhlkygutqbuuzvflbzn/Build/Intermediates.noindex/americo-whisper.build/Debug/americo-whisper.build/assetcatalog_output/thinned --output-format human-readable-text --notices --warnings --export-dependency-info /Volumes/MediaSSD/XC_BUILD/americo-whisper-avvwimpvamhlkygutqbuuzvflbzn/Build/Intermediates.noindex/americo-whisper.build/Debug/americo-whisper.build/assetcatalog_dependencies_thinned --output-partial-info-plist /Volumes/MediaSSD/XC_BUILD/americo-whisper-avvwimpvamhlkygutqbuuzvflbzn/Build/Intermediates.noindex/americo-whisper.build/Debug/americo-whisper.build/assetcatalog_generated_info.plist_thinned --app-icon AppIcon --accent-color AccentColor --enable-on-demand-resources NO --development-region en --target-device mac --minimum-deployment-target 14.6 --platform macosx
/* com.apple.actool.compilation-results */
/Volumes/MediaSSD/XC_BUILD/americo-whisper-avvwimpvamhlkygutqbuuzvflbzn/Build/Intermediates.noindex/americo-whisper.build/Debug/americo-whisper.build/assetcatalog_generated_info.plist_thinned
/Volumes/MediaSSD/XC_BUILD/americo-whisper-avvwimpvamhlkygutqbuuzvflbzn/Build/Intermediates.noindex/americo-whisper.build/Debug/americo-whisper.build/assetcatalog_output/thinned/AppIcon.icns
/Volumes/MediaSSD/XC_BUILD/americo-whisper-avvwimpvamhlkygutqbuuzvflbzn/Build/Intermediates.noindex/americo-whisper.build/Debug/americo-whisper.build/assetcatalog_output/thinned/Assets.car


SwiftDriver americo-whisper normal arm64 com.apple.xcode.tools.swift.compiler (in target 'americo-whisper' from project 'americo-whisper')
    cd /Users/americo/dev/Xcode\ Projects/americo-whisper
    builtin-SwiftDriver -- /Applications/Xcode.app/Contents/Developer/Toolchains/XcodeDefault.xctoolchain/usr/bin/swiftc -module-name Américo_s_Whisper -Onone -enforce-exclusivity\=checked @/Volumes/MediaSSD/XC_BUILD/americo-whisper-avvwimpvamhlkygutqbuuzvflbzn/Build/Intermediates.noindex/americo-whisper.build/Debug/americo-whisper.build/Objects-normal/arm64/Américo\'s\ Whisper.SwiftFileList -DDEBUG -default-isolation\=MainActor -enable-bare-slash-regex -enable-upcoming-feature DisableOutwardActorInference -enable-upcoming-feature InferSendableFromCaptures -enable-upcoming-feature GlobalActorIsolatedTypesUsability -enable-upcoming-feature MemberImportVisibility -enable-upcoming-feature InferIsolatedConformances -enable-upcoming-feature NonisolatedNonsendingByDefault -enable-experimental-feature DebugDescriptionMacro -sdk /Applications/Xcode.app/Contents/Developer/Platforms/MacOSX.platform/Developer/SDKs/MacOSX26.2.sdk -target arm64-apple-macos14.6 -g -module-cache-path /Volumes/MediaSSD/XC_BUILD/ModuleCache.noindex -Xfrontend -serialize-debugging-options -enable-testing -index-store-path /Volumes/MediaSSD/XC_BUILD/americo-whisper-avvwimpvamhlkygutqbuuzvflbzn/Index.noindex/DataStore -Xcc -D_LIBCPP_HARDENING_MODE\=_LIBCPP_HARDENING_MODE_DEBUG -swift-version 5 -I /Volumes/MediaSSD/XC_BUILD/americo-whisper-avvwimpvamhlkygutqbuuzvflbzn/Build/Products/Debug -F /Volumes/MediaSSD/XC_BUILD/americo-whisper-avvwimpvamhlkygutqbuuzvflbzn/Build/Products/Debug -F /Users/americo/dev/Xcode\ Projects/americo-whisper -emit-localized-strings -emit-localized-strings-path /Volumes/MediaSSD/XC_BUILD/americo-whisper-avvwimpvamhlkygutqbuuzvflbzn/Build/Intermediates.noindex/americo-whisper.build/Debug/americo-whisper.build/Objects-normal/arm64 -c -j14 -enable-batch-mode -incremental -Xcc -ivfsstatcache -Xcc /Volumes/MediaSSD/XC_BUILD/SDKStatCaches.noindex/macosx26.2-25C58-dc75598d0054f22ec865fa860f139d7200fa09913b459cbbc988d1f6730289ae.sdkstatcache -output-file-map /Volumes/MediaSSD/XC_BUILD/americo-whisper-avvwimpvamhlkygutqbuuzvflbzn/Build/Intermediates.noindex/americo-whisper.build/Debug/americo-whisper.build/Objects-normal/arm64/americo-whisper-OutputFileMap.json -use-frontend-parseable-output -save-temps -no-color-diagnostics -explicit-module-build -module-cache-path /Volumes/MediaSSD/XC_BUILD/americo-whisper-avvwimpvamhlkygutqbuuzvflbzn/Build/Intermediates.noindex/SwiftExplicitPrecompiledModules -clang-scanner-module-cache-path /Volumes/MediaSSD/XC_BUILD/ModuleCache.noindex -sdk-module-cache-path /Volumes/MediaSSD/XC_BUILD/ModuleCache.noindex -serialize-diagnostics -emit-dependencies -emit-module -emit-module-path /Volumes/MediaSSD/XC_BUILD/americo-whisper-avvwimpvamhlkygutqbuuzvflbzn/Build/Intermediates.noindex/americo-whisper.build/Debug/americo-whisper.build/Objects-normal/arm64/Américo_s_Whisper.swiftmodule -validate-clang-modules-once -clang-build-session-file /Volumes/MediaSSD/XC_BUILD/ModuleCache.noindex/Session.modulevalidation -Xcc -I/Volumes/MediaSSD/XC_BUILD/americo-whisper-avvwimpvamhlkygutqbuuzvflbzn/Build/Intermediates.noindex/americo-whisper.build/Debug/americo-whisper.build/swift-overrides.hmap -emit-const-values -Xfrontend -const-gather-protocols-file -Xfrontend /Volumes/MediaSSD/XC_BUILD/americo-whisper-avvwimpvamhlkygutqbuuzvflbzn/Build/Intermediates.noindex/americo-whisper.build/Debug/americo-whisper.build/Objects-normal/arm64/americo-whisper_const_extract_protocols.json -Xcc -iquote -Xcc /Volumes/MediaSSD/XC_BUILD/americo-whisper-avvwimpvamhlkygutqbuuzvflbzn/Build/Intermediates.noindex/americo-whisper.build/Debug/americo-whisper.build/Américo\'s\ Whisper-generated-files.hmap -Xcc -I/Volumes/MediaSSD/XC_BUILD/americo-whisper-avvwimpvamhlkygutqbuuzvflbzn/Build/Intermediates.noindex/americo-whisper.build/Debug/americo-whisper.build/Américo\'s\ Whisper-own-target-headers.hmap -Xcc -I/Volumes/MediaSSD/XC_BUILD/americo-whisper-avvwimpvamhlkygutqbuuzvflbzn/Build/Intermediates.noindex/americo-whisper.build/Debug/americo-whisper.build/Américo\'s\ Whisper-all-target-headers.hmap -Xcc -iquote -Xcc /Volumes/MediaSSD/XC_BUILD/americo-whisper-avvwimpvamhlkygutqbuuzvflbzn/Build/Intermediates.noindex/americo-whisper.build/Debug/americo-whisper.build/Américo\'s\ Whisper-project-headers.hmap -Xcc -I/Volumes/MediaSSD/XC_BUILD/americo-whisper-avvwimpvamhlkygutqbuuzvflbzn/Build/Products/Debug/include -Xcc -I/Volumes/MediaSSD/XC_BUILD/americo-whisper-avvwimpvamhlkygutqbuuzvflbzn/Build/Intermediates.noindex/americo-whisper.build/Debug/americo-whisper.build/DerivedSources-normal/arm64 -Xcc -I/Volumes/MediaSSD/XC_BUILD/americo-whisper-avvwimpvamhlkygutqbuuzvflbzn/Build/Intermediates.noindex/americo-whisper.build/Debug/americo-whisper.build/DerivedSources/arm64 -Xcc -I/Volumes/MediaSSD/XC_BUILD/americo-whisper-avvwimpvamhlkygutqbuuzvflbzn/Build/Intermediates.noindex/americo-whisper.build/Debug/americo-whisper.build/DerivedSources -Xcc -DDEBUG\=1 -emit-objc-header -emit-objc-header-path /Volumes/MediaSSD/XC_BUILD/americo-whisper-avvwimpvamhlkygutqbuuzvflbzn/Build/Intermediates.noindex/americo-whisper.build/Debug/americo-whisper.build/Objects-normal/arm64/Américo_s_Whisper-Swift.h -working-directory /Users/americo/dev/Xcode\ Projects/americo-whisper -experimental-emit-module-separately -disable-cmo

LinkAssetCatalog /Users/americo/dev/Xcode\ Projects/americo-whisper/americo-whisper/Assets.xcassets (in target 'americo-whisper' from project 'americo-whisper')
    cd /Users/americo/dev/Xcode\ Projects/americo-whisper
    builtin-linkAssetCatalog --thinned /Volumes/MediaSSD/XC_BUILD/americo-whisper-avvwimpvamhlkygutqbuuzvflbzn/Build/Intermediates.noindex/americo-whisper.build/Debug/americo-whisper.build/assetcatalog_output/thinned --thinned-dependencies /Volumes/MediaSSD/XC_BUILD/americo-whisper-avvwimpvamhlkygutqbuuzvflbzn/Build/Intermediates.noindex/americo-whisper.build/Debug/americo-whisper.build/assetcatalog_dependencies_thinned --thinned-info-plist-content /Volumes/MediaSSD/XC_BUILD/americo-whisper-avvwimpvamhlkygutqbuuzvflbzn/Build/Intermediates.noindex/americo-whisper.build/Debug/americo-whisper.build/assetcatalog_generated_info.plist_thinned --unthinned /Volumes/MediaSSD/XC_BUILD/americo-whisper-avvwimpvamhlkygutqbuuzvflbzn/Build/Intermediates.noindex/americo-whisper.build/Debug/americo-whisper.build/assetcatalog_output/unthinned --unthinned-dependencies /Volumes/MediaSSD/XC_BUILD/americo-whisper-avvwimpvamhlkygutqbuuzvflbzn/Build/Intermediates.noindex/americo-whisper.build/Debug/americo-whisper.build/assetcatalog_dependencies_unthinned --unthinned-info-plist-content /Volumes/MediaSSD/XC_BUILD/americo-whisper-avvwimpvamhlkygutqbuuzvflbzn/Build/Intermediates.noindex/americo-whisper.build/Debug/americo-whisper.build/assetcatalog_generated_info.plist_unthinned --output /Volumes/MediaSSD/XC_BUILD/americo-whisper-avvwimpvamhlkygutqbuuzvflbzn/Build/Products/Debug/Américo\'s\ Whisper.app/Contents/Resources --plist-output /Volumes/MediaSSD/XC_BUILD/americo-whisper-avvwimpvamhlkygutqbuuzvflbzn/Build/Intermediates.noindex/americo-whisper.build/Debug/americo-whisper.build/assetcatalog_generated_info.plist
note: Emplaced /Volumes/MediaSSD/XC_BUILD/americo-whisper-avvwimpvamhlkygutqbuuzvflbzn/Build/Products/Debug/Américo's Whisper.app/Contents/Resources/AppIcon.icns (in target 'americo-whisper' from project 'americo-whisper')
note: Emplaced /Volumes/MediaSSD/XC_BUILD/americo-whisper-avvwimpvamhlkygutqbuuzvflbzn/Build/Products/Debug/Américo's Whisper.app/Contents/Resources/Assets.car (in target 'americo-whisper' from project 'americo-whisper')

SwiftExplicitDependencyGeneratePcm arm64 /Volumes/MediaSSD/XC_BUILD/americo-whisper-avvwimpvamhlkygutqbuuzvflbzn/Build/Intermediates.noindex/SwiftExplicitPrecompiledModules/whisper-2WAEH3C0L2J71RR0DP1QGXTH5.pcm

SwiftEmitModule normal arm64 Emitting\ module\ for\ Américo_s_Whisper (in target 'americo-whisper' from project 'americo-whisper')

EmitSwiftModule normal arm64 (in target 'americo-whisper' from project 'americo-whisper')
    cd /Users/americo/dev/Xcode\ Projects/americo-whisper
    

SwiftCompile normal arm64 Compiling\ LanguageSectionView.swift,\ ModelPickerView.swift /Users/americo/dev/Xcode\ Projects/americo-whisper/americo-whisper/views/LanguageSectionView.swift /Users/americo/dev/Xcode\ Projects/americo-whisper/americo-whisper/views/ModelPickerView.swift (in target 'americo-whisper' from project 'americo-whisper')
SwiftCompile normal arm64 /Users/americo/dev/Xcode\ Projects/americo-whisper/americo-whisper/views/LanguageSectionView.swift (in target 'americo-whisper' from project 'americo-whisper')
    cd /Users/americo/dev/Xcode\ Projects/americo-whisper
    

SwiftCompile normal arm64 /Users/americo/dev/Xcode\ Projects/americo-whisper/americo-whisper/views/ModelPickerView.swift (in target 'americo-whisper' from project 'americo-whisper')
    cd /Users/americo/dev/Xcode\ Projects/americo-whisper
    

SwiftCompile normal arm64 Compiling\ LanguageRowView.swift,\ LanguageSearchField.swift /Users/americo/dev/Xcode\ Projects/americo-whisper/americo-whisper/views/LanguageRowView.swift /Users/americo/dev/Xcode\ Projects/americo-whisper/americo-whisper/views/LanguageSearchField.swift (in target 'americo-whisper' from project 'americo-whisper')

SwiftCompile normal arm64 /Users/americo/dev/Xcode\ Projects/americo-whisper/americo-whisper/views/LanguageRowView.swift (in target 'americo-whisper' from project 'americo-whisper')
    cd /Users/americo/dev/Xcode\ Projects/americo-whisper
    

SwiftCompile normal arm64 /Users/americo/dev/Xcode\ Projects/americo-whisper/americo-whisper/views/LanguageSearchField.swift (in target 'americo-whisper' from project 'americo-whisper')
    cd /Users/americo/dev/Xcode\ Projects/americo-whisper
    

SwiftCompile normal arm64 Compiling\ americo_whisperApp.swift,\ GeneratedAssetSymbols.swift /Users/americo/dev/Xcode\ Projects/americo-whisper/americo-whisper/americo_whisperApp.swift /Volumes/MediaSSD/XC_BUILD/americo-whisper-avvwimpvamhlkygutqbuuzvflbzn/Build/Intermediates.noindex/americo-whisper.build/Debug/americo-whisper.build/DerivedSources/GeneratedAssetSymbols.swift (in target 'americo-whisper' from project 'americo-whisper')

SwiftCompile normal arm64 /Users/americo/dev/Xcode\ Projects/americo-whisper/americo-whisper/americo_whisperApp.swift (in target 'americo-whisper' from project 'americo-whisper')
    cd /Users/americo/dev/Xcode\ Projects/americo-whisper
    

SwiftCompile normal arm64 /Volumes/MediaSSD/XC_BUILD/americo-whisper-avvwimpvamhlkygutqbuuzvflbzn/Build/Intermediates.noindex/americo-whisper.build/Debug/americo-whisper.build/DerivedSources/GeneratedAssetSymbols.swift (in target 'americo-whisper' from project 'americo-whisper')
    cd /Users/americo/dev/Xcode\ Projects/americo-whisper
    

SwiftCompile normal arm64 Compiling\ AudioDropZone.swift,\ AutoDetectLanguageButton.swift /Users/americo/dev/Xcode\ Projects/americo-whisper/americo-whisper/views/AudioDropZone.swift /Users/americo/dev/Xcode\ Projects/americo-whisper/americo-whisper/views/AutoDetectLanguageButton.swift (in target 'americo-whisper' from project 'americo-whisper')

SwiftCompile normal arm64 /Users/americo/dev/Xcode\ Projects/americo-whisper/americo-whisper/views/AudioDropZone.swift (in target 'americo-whisper' from project 'americo-whisper')
    cd /Users/americo/dev/Xcode\ Projects/americo-whisper
    

SwiftCompile normal arm64 /Users/americo/dev/Xcode\ Projects/americo-whisper/americo-whisper/views/AutoDetectLanguageButton.swift (in target 'americo-whisper' from project 'americo-whisper')
    cd /Users/americo/dev/Xcode\ Projects/americo-whisper
    

SwiftCompile normal arm64 Compiling\ ModelRowView.swift,\ ModelSectionView.swift /Users/americo/dev/Xcode\ Projects/americo-whisper/americo-whisper/views/ModelRowView.swift /Users/americo/dev/Xcode\ Projects/americo-whisper/americo-whisper/views/ModelSectionView.swift (in target 'americo-whisper' from project 'americo-whisper')

SwiftCompile normal arm64 /Users/americo/dev/Xcode\ Projects/americo-whisper/americo-whisper/views/ModelRowView.swift (in target 'americo-whisper' from project 'americo-whisper')
    cd /Users/americo/dev/Xcode\ Projects/americo-whisper
    

SwiftCompile normal arm64 /Users/americo/dev/Xcode\ Projects/americo-whisper/americo-whisper/views/ModelSectionView.swift (in target 'americo-whisper' from project 'americo-whisper')
    cd /Users/americo/dev/Xcode\ Projects/americo-whisper
    

SwiftCompile normal arm64 Compiling\ ModeSectionView.swift,\ RecordingControls.swift /Users/americo/dev/Xcode\ Projects/americo-whisper/americo-whisper/views/ModeSectionView.swift /Users/americo/dev/Xcode\ Projects/americo-whisper/americo-whisper/views/RecordingControls.swift (in target 'americo-whisper' from project 'americo-whisper')

SwiftCompile normal arm64 /Users/americo/dev/Xcode\ Projects/americo-whisper/americo-whisper/views/ModeSectionView.swift (in target 'americo-whisper' from project 'americo-whisper')
    cd /Users/americo/dev/Xcode\ Projects/americo-whisper
    

SwiftCompile normal arm64 /Users/americo/dev/Xcode\ Projects/americo-whisper/americo-whisper/views/RecordingControls.swift (in target 'americo-whisper' from project 'americo-whisper')
    cd /Users/americo/dev/Xcode\ Projects/americo-whisper
    

SwiftCompile normal arm64 Compiling\ LanguageModelToolbar.swift,\ LanguagePickerView.swift /Users/americo/dev/Xcode\ Projects/americo-whisper/americo-whisper/views/LanguageModelToolbar.swift /Users/americo/dev/Xcode\ Projects/americo-whisper/americo-whisper/views/LanguagePickerView.swift (in target 'americo-whisper' from project 'americo-whisper')

SwiftCompile normal arm64 /Users/americo/dev/Xcode\ Projects/americo-whisper/americo-whisper/views/LanguageModelToolbar.swift (in target 'americo-whisper' from project 'americo-whisper')
    cd /Users/americo/dev/Xcode\ Projects/americo-whisper
    

SwiftCompile normal arm64 /Users/americo/dev/Xcode\ Projects/americo-whisper/americo-whisper/views/LanguagePickerView.swift (in target 'americo-whisper' from project 'americo-whisper')
    cd /Users/americo/dev/Xcode\ Projects/americo-whisper
    

SwiftCompile normal arm64 Compiling\ WhisperLanguage.swift,\ WhisperState.swift /Users/americo/dev/Xcode\ Projects/americo-whisper/americo-whisper/src/WhisperLanguage.swift /Users/americo/dev/Xcode\ Projects/americo-whisper/americo-whisper/src/WhisperState.swift (in target 'americo-whisper' from project 'americo-whisper')

SwiftCompile normal arm64 /Users/americo/dev/Xcode\ Projects/americo-whisper/americo-whisper/src/WhisperLanguage.swift (in target 'americo-whisper' from project 'americo-whisper')
    cd /Users/americo/dev/Xcode\ Projects/americo-whisper
    

SwiftCompile normal arm64 /Users/americo/dev/Xcode\ Projects/americo-whisper/americo-whisper/src/WhisperState.swift (in target 'americo-whisper' from project 'americo-whisper')
    cd /Users/americo/dev/Xcode\ Projects/americo-whisper
    

SwiftCompile normal arm64 Compiling\ SourceSectionView.swift,\ TranscriptionOutputView.swift /Users/americo/dev/Xcode\ Projects/americo-whisper/americo-whisper/views/SourceSectionView.swift /Users/americo/dev/Xcode\ Projects/americo-whisper/americo-whisper/views/TranscriptionOutputView.swift (in target 'americo-whisper' from project 'americo-whisper')

SwiftCompile normal arm64 /Users/americo/dev/Xcode\ Projects/americo-whisper/americo-whisper/views/SourceSectionView.swift (in target 'americo-whisper' from project 'americo-whisper')
    cd /Users/americo/dev/Xcode\ Projects/americo-whisper
    

SwiftCompile normal arm64 /Users/americo/dev/Xcode\ Projects/americo-whisper/americo-whisper/views/TranscriptionOutputView.swift (in target 'americo-whisper' from project 'americo-whisper')
    cd /Users/americo/dev/Xcode\ Projects/americo-whisper
    

SwiftCompile normal arm64 Compiling\ TextDocument.swift,\ TranscriptionMode.swift /Users/americo/dev/Xcode\ Projects/americo-whisper/americo-whisper/src/TextDocument.swift /Users/americo/dev/Xcode\ Projects/americo-whisper/americo-whisper/src/TranscriptionMode.swift (in target 'americo-whisper' from project 'americo-whisper')

SwiftCompile normal arm64 /Users/americo/dev/Xcode\ Projects/americo-whisper/americo-whisper/src/TextDocument.swift (in target 'americo-whisper' from project 'americo-whisper')
    cd /Users/americo/dev/Xcode\ Projects/americo-whisper
    

SwiftCompile normal arm64 /Users/americo/dev/Xcode\ Projects/americo-whisper/americo-whisper/src/TranscriptionMode.swift (in target 'americo-whisper' from project 'americo-whisper')
    cd /Users/americo/dev/Xcode\ Projects/americo-whisper
    

SwiftCompile normal arm64 Compiling\ AppCoordinator.swift,\ AudioFileReader.swift,\ AudioRecorder.swift /Users/americo/dev/Xcode\ Projects/americo-whisper/americo-whisper/src/AppCoordinator.swift /Users/americo/dev/Xcode\ Projects/americo-whisper/americo-whisper/src/AudioFileReader.swift /Users/americo/dev/Xcode\ Projects/americo-whisper/americo-whisper/src/AudioRecorder.swift (in target 'americo-whisper' from project 'americo-whisper')
SwiftCompile normal arm64 /Users/americo/dev/Xcode\ Projects/americo-whisper/americo-whisper/src/AppCoordinator.swift (in target 'americo-whisper' from project 'americo-whisper')
    cd /Users/americo/dev/Xcode\ Projects/americo-whisper
    

SwiftCompile normal arm64 /Users/americo/dev/Xcode\ Projects/americo-whisper/americo-whisper/src/AudioFileReader.swift (in target 'americo-whisper' from project 'americo-whisper')
    cd /Users/americo/dev/Xcode\ Projects/americo-whisper
    

SwiftCompile normal arm64 /Users/americo/dev/Xcode\ Projects/americo-whisper/americo-whisper/src/AudioRecorder.swift (in target 'americo-whisper' from project 'americo-whisper')
    cd /Users/americo/dev/Xcode\ Projects/americo-whisper
    

SwiftCompile normal arm64 Compiling\ AudioSource.swift,\ ModelInfo.swift /Users/americo/dev/Xcode\ Projects/americo-whisper/americo-whisper/src/AudioSource.swift /Users/americo/dev/Xcode\ Projects/americo-whisper/americo-whisper/src/ModelInfo.swift (in target 'americo-whisper' from project 'americo-whisper')

SwiftCompile normal arm64 /Users/americo/dev/Xcode\ Projects/americo-whisper/americo-whisper/src/AudioSource.swift (in target 'americo-whisper' from project 'americo-whisper')
    cd /Users/americo/dev/Xcode\ Projects/americo-whisper
    

SwiftCompile normal arm64 /Users/americo/dev/Xcode\ Projects/americo-whisper/americo-whisper/src/ModelInfo.swift (in target 'americo-whisper' from project 'americo-whisper')
    cd /Users/americo/dev/Xcode\ Projects/americo-whisper
    

SwiftCompile normal arm64 Compiling\ ContentView.swift,\ LanguageListView.swift /Users/americo/dev/Xcode\ Projects/americo-whisper/americo-whisper/views/ContentView.swift /Users/americo/dev/Xcode\ Projects/americo-whisper/americo-whisper/views/LanguageListView.swift (in target 'americo-whisper' from project 'americo-whisper')
SwiftCompile normal arm64 /Users/americo/dev/Xcode\ Projects/americo-whisper/americo-whisper/views/ContentView.swift (in target 'americo-whisper' from project 'americo-whisper')
    cd /Users/americo/dev/Xcode\ Projects/americo-whisper
    

SwiftCompile normal arm64 /Users/americo/dev/Xcode\ Projects/americo-whisper/americo-whisper/views/LanguageListView.swift (in target 'americo-whisper' from project 'americo-whisper')
    cd /Users/americo/dev/Xcode\ Projects/americo-whisper
    

SwiftCompile normal arm64 Compiling\ ModelManager.swift,\ SystemAudioCapture.swift /Users/americo/dev/Xcode\ Projects/americo-whisper/americo-whisper/src/ModelManager.swift /Users/americo/dev/Xcode\ Projects/americo-whisper/americo-whisper/src/SystemAudioCapture.swift (in target 'americo-whisper' from project 'americo-whisper')

SwiftCompile normal arm64 /Users/americo/dev/Xcode\ Projects/americo-whisper/americo-whisper/src/ModelManager.swift (in target 'americo-whisper' from project 'americo-whisper')
    cd /Users/americo/dev/Xcode\ Projects/americo-whisper
    

SwiftCompile normal arm64 /Users/americo/dev/Xcode\ Projects/americo-whisper/americo-whisper/src/SystemAudioCapture.swift (in target 'americo-whisper' from project 'americo-whisper')
    cd /Users/americo/dev/Xcode\ Projects/americo-whisper
    

SwiftDriverJobDiscovery normal arm64 Compiling TextDocument.swift, TranscriptionMode.swift (in target 'americo-whisper' from project 'americo-whisper')

SwiftDriverJobDiscovery normal arm64 Compiling AudioSource.swift, ModelInfo.swift (in target 'americo-whisper' from project 'americo-whisper')

SwiftDriverJobDiscovery normal arm64 Compiling LanguageRowView.swift, LanguageSearchField.swift (in target 'americo-whisper' from project 'americo-whisper')

SwiftDriverJobDiscovery normal arm64 Compiling WhisperLanguage.swift, WhisperState.swift (in target 'americo-whisper' from project 'americo-whisper')

SwiftDriverJobDiscovery normal arm64 Compiling LanguageModelToolbar.swift, LanguagePickerView.swift (in target 'americo-whisper' from project 'americo-whisper')

SwiftDriverJobDiscovery normal arm64 Compiling ModelRowView.swift, ModelSectionView.swift (in target 'americo-whisper' from project 'americo-whisper')

SwiftDriverJobDiscovery normal arm64 Compiling americo_whisperApp.swift, GeneratedAssetSymbols.swift (in target 'americo-whisper' from project 'americo-whisper')

SwiftDriverJobDiscovery normal arm64 Emitting module for Américo_s_Whisper (in target 'americo-whisper' from project 'americo-whisper')

SwiftDriver\ Compilation\ Requirements americo-whisper normal arm64 com.apple.xcode.tools.swift.compiler (in target 'americo-whisper' from project 'americo-whisper')
    cd /Users/americo/dev/Xcode\ Projects/americo-whisper
    builtin-Swift-Compilation-Requirements -- /Applications/Xcode.app/Contents/Developer/Toolchains/XcodeDefault.xctoolchain/usr/bin/swiftc -module-name Américo_s_Whisper -Onone -enforce-exclusivity\=checked @/Volumes/MediaSSD/XC_BUILD/americo-whisper-avvwimpvamhlkygutqbuuzvflbzn/Build/Intermediates.noindex/americo-whisper.build/Debug/americo-whisper.build/Objects-normal/arm64/Américo\'s\ Whisper.SwiftFileList -DDEBUG -default-isolation\=MainActor -enable-bare-slash-regex -enable-upcoming-feature DisableOutwardActorInference -enable-upcoming-feature InferSendableFromCaptures -enable-upcoming-feature GlobalActorIsolatedTypesUsability -enable-upcoming-feature MemberImportVisibility -enable-upcoming-feature InferIsolatedConformances -enable-upcoming-feature NonisolatedNonsendingByDefault -enable-experimental-feature DebugDescriptionMacro -sdk /Applications/Xcode.app/Contents/Developer/Platforms/MacOSX.platform/Developer/SDKs/MacOSX26.2.sdk -target arm64-apple-macos14.6 -g -module-cache-path /Volumes/MediaSSD/XC_BUILD/ModuleCache.noindex -Xfrontend -serialize-debugging-options -enable-testing -index-store-path /Volumes/MediaSSD/XC_BUILD/americo-whisper-avvwimpvamhlkygutqbuuzvflbzn/Index.noindex/DataStore -Xcc -D_LIBCPP_HARDENING_MODE\=_LIBCPP_HARDENING_MODE_DEBUG -swift-version 5 -I /Volumes/MediaSSD/XC_BUILD/americo-whisper-avvwimpvamhlkygutqbuuzvflbzn/Build/Products/Debug -F /Volumes/MediaSSD/XC_BUILD/americo-whisper-avvwimpvamhlkygutqbuuzvflbzn/Build/Products/Debug -F /Users/americo/dev/Xcode\ Projects/americo-whisper -emit-localized-strings -emit-localized-strings-path /Volumes/MediaSSD/XC_BUILD/americo-whisper-avvwimpvamhlkygutqbuuzvflbzn/Build/Intermediates.noindex/americo-whisper.build/Debug/americo-whisper.build/Objects-normal/arm64 -c -j14 -enable-batch-mode -incremental -Xcc -ivfsstatcache -Xcc /Volumes/MediaSSD/XC_BUILD/SDKStatCaches.noindex/macosx26.2-25C58-dc75598d0054f22ec865fa860f139d7200fa09913b459cbbc988d1f6730289ae.sdkstatcache -output-file-map /Volumes/MediaSSD/XC_BUILD/americo-whisper-avvwimpvamhlkygutqbuuzvflbzn/Build/Intermediates.noindex/americo-whisper.build/Debug/americo-whisper.build/Objects-normal/arm64/americo-whisper-OutputFileMap.json -use-frontend-parseable-output -save-temps -no-color-diagnostics -explicit-module-build -module-cache-path /Volumes/MediaSSD/XC_BUILD/americo-whisper-avvwimpvamhlkygutqbuuzvflbzn/Build/Intermediates.noindex/SwiftExplicitPrecompiledModules -clang-scanner-module-cache-path /Volumes/MediaSSD/XC_BUILD/ModuleCache.noindex -sdk-module-cache-path /Volumes/MediaSSD/XC_BUILD/ModuleCache.noindex -serialize-diagnostics -emit-dependencies -emit-module -emit-module-path /Volumes/MediaSSD/XC_BUILD/americo-whisper-avvwimpvamhlkygutqbuuzvflbzn/Build/Intermediates.noindex/americo-whisper.build/Debug/americo-whisper.build/Objects-normal/arm64/Américo_s_Whisper.swiftmodule -validate-clang-modules-once -clang-build-session-file /Volumes/MediaSSD/XC_BUILD/ModuleCache.noindex/Session.modulevalidation -Xcc -I/Volumes/MediaSSD/XC_BUILD/americo-whisper-avvwimpvamhlkygutqbuuzvflbzn/Build/Intermediates.noindex/americo-whisper.build/Debug/americo-whisper.build/swift-overrides.hmap -emit-const-values -Xfrontend -const-gather-protocols-file -Xfrontend /Volumes/MediaSSD/XC_BUILD/americo-whisper-avvwimpvamhlkygutqbuuzvflbzn/Build/Intermediates.noindex/americo-whisper.build/Debug/americo-whisper.build/Objects-normal/arm64/americo-whisper_const_extract_protocols.json -Xcc -iquote -Xcc /Volumes/MediaSSD/XC_BUILD/americo-whisper-avvwimpvamhlkygutqbuuzvflbzn/Build/Intermediates.noindex/americo-whisper.build/Debug/americo-whisper.build/Américo\'s\ Whisper-generated-files.hmap -Xcc -I/Volumes/MediaSSD/XC_BUILD/americo-whisper-avvwimpvamhlkygutqbuuzvflbzn/Build/Intermediates.noindex/americo-whisper.build/Debug/americo-whisper.build/Américo\'s\ Whisper-own-target-headers.hmap -Xcc -I/Volumes/MediaSSD/XC_BUILD/americo-whisper-avvwimpvamhlkygutqbuuzvflbzn/Build/Intermediates.noindex/americo-whisper.build/Debug/americo-whisper.build/Américo\'s\ Whisper-all-target-headers.hmap -Xcc -iquote -Xcc /Volumes/MediaSSD/XC_BUILD/americo-whisper-avvwimpvamhlkygutqbuuzvflbzn/Build/Intermediates.noindex/americo-whisper.build/Debug/americo-whisper.build/Américo\'s\ Whisper-project-headers.hmap -Xcc -I/Volumes/MediaSSD/XC_BUILD/americo-whisper-avvwimpvamhlkygutqbuuzvflbzn/Build/Products/Debug/include -Xcc -I/Volumes/MediaSSD/XC_BUILD/americo-whisper-avvwimpvamhlkygutqbuuzvflbzn/Build/Intermediates.noindex/americo-whisper.build/Debug/americo-whisper.build/DerivedSources-normal/arm64 -Xcc -I/Volumes/MediaSSD/XC_BUILD/americo-whisper-avvwimpvamhlkygutqbuuzvflbzn/Build/Intermediates.noindex/americo-whisper.build/Debug/americo-whisper.build/DerivedSources/arm64 -Xcc -I/Volumes/MediaSSD/XC_BUILD/americo-whisper-avvwimpvamhlkygutqbuuzvflbzn/Build/Intermediates.noindex/americo-whisper.build/Debug/americo-whisper.build/DerivedSources -Xcc -DDEBUG\=1 -emit-objc-header -emit-objc-header-path /Volumes/MediaSSD/XC_BUILD/americo-whisper-avvwimpvamhlkygutqbuuzvflbzn/Build/Intermediates.noindex/americo-whisper.build/Debug/americo-whisper.build/Objects-normal/arm64/Américo_s_Whisper-Swift.h -working-directory /Users/americo/dev/Xcode\ Projects/americo-whisper -experimental-emit-module-separately -disable-cmo

SwiftMergeGeneratedHeaders /Volumes/MediaSSD/XC_BUILD/americo-whisper-avvwimpvamhlkygutqbuuzvflbzn/Build/Intermediates.noindex/americo-whisper.build/Debug/americo-whisper.build/DerivedSources/Américo_s_Whisper-Swift.h /Volumes/MediaSSD/XC_BUILD/americo-whisper-avvwimpvamhlkygutqbuuzvflbzn/Build/Intermediates.noindex/americo-whisper.build/Debug/americo-whisper.build/Objects-normal/arm64/Américo_s_Whisper-Swift.h (in target 'americo-whisper' from project 'americo-whisper')
    cd /Users/americo/dev/Xcode\ Projects/americo-whisper
    builtin-swiftHeaderTool -arch arm64 /Volumes/MediaSSD/XC_BUILD/americo-whisper-avvwimpvamhlkygutqbuuzvflbzn/Build/Intermediates.noindex/americo-whisper.build/Debug/americo-whisper.build/Objects-normal/arm64/Américo_s_Whisper-Swift.h -o /Volumes/MediaSSD/XC_BUILD/americo-whisper-avvwimpvamhlkygutqbuuzvflbzn/Build/Intermediates.noindex/americo-whisper.build/Debug/americo-whisper.build/DerivedSources/Américo_s_Whisper-Swift.h

Copy /Volumes/MediaSSD/XC_BUILD/americo-whisper-avvwimpvamhlkygutqbuuzvflbzn/Build/Products/Debug/Américo_s_Whisper.swiftmodule/arm64-apple-macos.swiftmodule /Volumes/MediaSSD/XC_BUILD/americo-whisper-avvwimpvamhlkygutqbuuzvflbzn/Build/Intermediates.noindex/americo-whisper.build/Debug/americo-whisper.build/Objects-normal/arm64/Américo_s_Whisper.swiftmodule (in target 'americo-whisper' from project 'americo-whisper')
    cd /Users/americo/dev/Xcode\ Projects/americo-whisper
    builtin-copy -exclude .DS_Store -exclude CVS -exclude .svn -exclude .git -exclude .hg -resolve-src-symlinks -rename /Volumes/MediaSSD/XC_BUILD/americo-whisper-avvwimpvamhlkygutqbuuzvflbzn/Build/Intermediates.noindex/americo-whisper.build/Debug/americo-whisper.build/Objects-normal/arm64/Américo_s_Whisper.swiftmodule /Volumes/MediaSSD/XC_BUILD/americo-whisper-avvwimpvamhlkygutqbuuzvflbzn/Build/Products/Debug/Américo_s_Whisper.swiftmodule/arm64-apple-macos.swiftmodule

Copy /Volumes/MediaSSD/XC_BUILD/americo-whisper-avvwimpvamhlkygutqbuuzvflbzn/Build/Products/Debug/Américo_s_Whisper.swiftmodule/arm64-apple-macos.swiftdoc /Volumes/MediaSSD/XC_BUILD/americo-whisper-avvwimpvamhlkygutqbuuzvflbzn/Build/Intermediates.noindex/americo-whisper.build/Debug/americo-whisper.build/Objects-normal/arm64/Américo_s_Whisper.swiftdoc (in target 'americo-whisper' from project 'americo-whisper')
    cd /Users/americo/dev/Xcode\ Projects/americo-whisper
    builtin-copy -exclude .DS_Store -exclude CVS -exclude .svn -exclude .git -exclude .hg -resolve-src-symlinks -rename /Volumes/MediaSSD/XC_BUILD/americo-whisper-avvwimpvamhlkygutqbuuzvflbzn/Build/Intermediates.noindex/americo-whisper.build/Debug/americo-whisper.build/Objects-normal/arm64/Américo_s_Whisper.swiftdoc /Volumes/MediaSSD/XC_BUILD/americo-whisper-avvwimpvamhlkygutqbuuzvflbzn/Build/Products/Debug/Américo_s_Whisper.swiftmodule/arm64-apple-macos.swiftdoc

Copy /Volumes/MediaSSD/XC_BUILD/americo-whisper-avvwimpvamhlkygutqbuuzvflbzn/Build/Products/Debug/Américo_s_Whisper.swiftmodule/arm64-apple-macos.abi.json /Volumes/MediaSSD/XC_BUILD/americo-whisper-avvwimpvamhlkygutqbuuzvflbzn/Build/Intermediates.noindex/americo-whisper.build/Debug/americo-whisper.build/Objects-normal/arm64/Américo_s_Whisper.abi.json (in target 'americo-whisper' from project 'americo-whisper')
    cd /Users/americo/dev/Xcode\ Projects/americo-whisper
    builtin-copy -exclude .DS_Store -exclude CVS -exclude .svn -exclude .git -exclude .hg -resolve-src-symlinks -rename /Volumes/MediaSSD/XC_BUILD/americo-whisper-avvwimpvamhlkygutqbuuzvflbzn/Build/Intermediates.noindex/americo-whisper.build/Debug/americo-whisper.build/Objects-normal/arm64/Américo_s_Whisper.abi.json /Volumes/MediaSSD/XC_BUILD/americo-whisper-avvwimpvamhlkygutqbuuzvflbzn/Build/Products/Debug/Américo_s_Whisper.swiftmodule/arm64-apple-macos.abi.json

Copy /Volumes/MediaSSD/XC_BUILD/americo-whisper-avvwimpvamhlkygutqbuuzvflbzn/Build/Products/Debug/Américo_s_Whisper.swiftmodule/Project/arm64-apple-macos.swiftsourceinfo /Volumes/MediaSSD/XC_BUILD/americo-whisper-avvwimpvamhlkygutqbuuzvflbzn/Build/Intermediates.noindex/americo-whisper.build/Debug/americo-whisper.build/Objects-normal/arm64/Américo_s_Whisper.swiftsourceinfo (in target 'americo-whisper' from project 'americo-whisper')
    cd /Users/americo/dev/Xcode\ Projects/americo-whisper
    builtin-copy -exclude .DS_Store -exclude CVS -exclude .svn -exclude .git -exclude .hg -resolve-src-symlinks -rename /Volumes/MediaSSD/XC_BUILD/americo-whisper-avvwimpvamhlkygutqbuuzvflbzn/Build/Intermediates.noindex/americo-whisper.build/Debug/americo-whisper.build/Objects-normal/arm64/Américo_s_Whisper.swiftsourceinfo /Volumes/MediaSSD/XC_BUILD/americo-whisper-avvwimpvamhlkygutqbuuzvflbzn/Build/Products/Debug/Américo_s_Whisper.swiftmodule/Project/arm64-apple-macos.swiftsourceinfo

SwiftDriverJobDiscovery normal arm64 Compiling SourceSectionView.swift, TranscriptionOutputView.swift (in target 'americo-whisper' from project 'americo-whisper')

SwiftDriverJobDiscovery normal arm64 Compiling ModeSectionView.swift, RecordingControls.swift (in target 'americo-whisper' from project 'americo-whisper')

SwiftDriverJobDiscovery normal arm64 Compiling ModelManager.swift, SystemAudioCapture.swift (in target 'americo-whisper' from project 'americo-whisper')

SwiftDriverJobDiscovery normal arm64 Compiling AudioDropZone.swift, AutoDetectLanguageButton.swift (in target 'americo-whisper' from project 'americo-whisper')

SwiftDriverJobDiscovery normal arm64 Compiling LanguageSectionView.swift, ModelPickerView.swift (in target 'americo-whisper' from project 'americo-whisper')

SwiftDriverJobDiscovery normal arm64 Compiling AppCoordinator.swift, AudioFileReader.swift, AudioRecorder.swift (in target 'americo-whisper' from project 'americo-whisper')

SwiftDriverJobDiscovery normal arm64 Compiling ContentView.swift, LanguageListView.swift (in target 'americo-whisper' from project 'americo-whisper')

SwiftDriver\ Compilation americo-whisper normal arm64 com.apple.xcode.tools.swift.compiler (in target 'americo-whisper' from project 'americo-whisper')
    cd /Users/americo/dev/Xcode\ Projects/americo-whisper
    builtin-Swift-Compilation -- /Applications/Xcode.app/Contents/Developer/Toolchains/XcodeDefault.xctoolchain/usr/bin/swiftc -module-name Américo_s_Whisper -Onone -enforce-exclusivity\=checked @/Volumes/MediaSSD/XC_BUILD/americo-whisper-avvwimpvamhlkygutqbuuzvflbzn/Build/Intermediates.noindex/americo-whisper.build/Debug/americo-whisper.build/Objects-normal/arm64/Américo\'s\ Whisper.SwiftFileList -DDEBUG -default-isolation\=MainActor -enable-bare-slash-regex -enable-upcoming-feature DisableOutwardActorInference -enable-upcoming-feature InferSendableFromCaptures -enable-upcoming-feature GlobalActorIsolatedTypesUsability -enable-upcoming-feature MemberImportVisibility -enable-upcoming-feature InferIsolatedConformances -enable-upcoming-feature NonisolatedNonsendingByDefault -enable-experimental-feature DebugDescriptionMacro -sdk /Applications/Xcode.app/Contents/Developer/Platforms/MacOSX.platform/Developer/SDKs/MacOSX26.2.sdk -target arm64-apple-macos14.6 -g -module-cache-path /Volumes/MediaSSD/XC_BUILD/ModuleCache.noindex -Xfrontend -serialize-debugging-options -enable-testing -index-store-path /Volumes/MediaSSD/XC_BUILD/americo-whisper-avvwimpvamhlkygutqbuuzvflbzn/Index.noindex/DataStore -Xcc -D_LIBCPP_HARDENING_MODE\=_LIBCPP_HARDENING_MODE_DEBUG -swift-version 5 -I /Volumes/MediaSSD/XC_BUILD/americo-whisper-avvwimpvamhlkygutqbuuzvflbzn/Build/Products/Debug -F /Volumes/MediaSSD/XC_BUILD/americo-whisper-avvwimpvamhlkygutqbuuzvflbzn/Build/Products/Debug -F /Users/americo/dev/Xcode\ Projects/americo-whisper -emit-localized-strings -emit-localized-strings-path /Volumes/MediaSSD/XC_BUILD/americo-whisper-avvwimpvamhlkygutqbuuzvflbzn/Build/Intermediates.noindex/americo-whisper.build/Debug/americo-whisper.build/Objects-normal/arm64 -c -j14 -enable-batch-mode -incremental -Xcc -ivfsstatcache -Xcc /Volumes/MediaSSD/XC_BUILD/SDKStatCaches.noindex/macosx26.2-25C58-dc75598d0054f22ec865fa860f139d7200fa09913b459cbbc988d1f6730289ae.sdkstatcache -output-file-map /Volumes/MediaSSD/XC_BUILD/americo-whisper-avvwimpvamhlkygutqbuuzvflbzn/Build/Intermediates.noindex/americo-whisper.build/Debug/americo-whisper.build/Objects-normal/arm64/americo-whisper-OutputFileMap.json -use-frontend-parseable-output -save-temps -no-color-diagnostics -explicit-module-build -module-cache-path /Volumes/MediaSSD/XC_BUILD/americo-whisper-avvwimpvamhlkygutqbuuzvflbzn/Build/Intermediates.noindex/SwiftExplicitPrecompiledModules -clang-scanner-module-cache-path /Volumes/MediaSSD/XC_BUILD/ModuleCache.noindex -sdk-module-cache-path /Volumes/MediaSSD/XC_BUILD/ModuleCache.noindex -serialize-diagnostics -emit-dependencies -emit-module -emit-module-path /Volumes/MediaSSD/XC_BUILD/americo-whisper-avvwimpvamhlkygutqbuuzvflbzn/Build/Intermediates.noindex/americo-whisper.build/Debug/americo-whisper.build/Objects-normal/arm64/Américo_s_Whisper.swiftmodule -validate-clang-modules-once -clang-build-session-file /Volumes/MediaSSD/XC_BUILD/ModuleCache.noindex/Session.modulevalidation -Xcc -I/Volumes/MediaSSD/XC_BUILD/americo-whisper-avvwimpvamhlkygutqbuuzvflbzn/Build/Intermediates.noindex/americo-whisper.build/Debug/americo-whisper.build/swift-overrides.hmap -emit-const-values -Xfrontend -const-gather-protocols-file -Xfrontend /Volumes/MediaSSD/XC_BUILD/americo-whisper-avvwimpvamhlkygutqbuuzvflbzn/Build/Intermediates.noindex/americo-whisper.build/Debug/americo-whisper.build/Objects-normal/arm64/americo-whisper_const_extract_protocols.json -Xcc -iquote -Xcc /Volumes/MediaSSD/XC_BUILD/americo-whisper-avvwimpvamhlkygutqbuuzvflbzn/Build/Intermediates.noindex/americo-whisper.build/Debug/americo-whisper.build/Américo\'s\ Whisper-generated-files.hmap -Xcc -I/Volumes/MediaSSD/XC_BUILD/americo-whisper-avvwimpvamhlkygutqbuuzvflbzn/Build/Intermediates.noindex/americo-whisper.build/Debug/americo-whisper.build/Américo\'s\ Whisper-own-target-headers.hmap -Xcc -I/Volumes/MediaSSD/XC_BUILD/americo-whisper-avvwimpvamhlkygutqbuuzvflbzn/Build/Intermediates.noindex/americo-whisper.build/Debug/americo-whisper.build/Américo\'s\ Whisper-all-target-headers.hmap -Xcc -iquote -Xcc /Volumes/MediaSSD/XC_BUILD/americo-whisper-avvwimpvamhlkygutqbuuzvflbzn/Build/Intermediates.noindex/americo-whisper.build/Debug/americo-whisper.build/Américo\'s\ Whisper-project-headers.hmap -Xcc -I/Volumes/MediaSSD/XC_BUILD/americo-whisper-avvwimpvamhlkygutqbuuzvflbzn/Build/Products/Debug/include -Xcc -I/Volumes/MediaSSD/XC_BUILD/americo-whisper-avvwimpvamhlkygutqbuuzvflbzn/Build/Intermediates.noindex/americo-whisper.build/Debug/americo-whisper.build/DerivedSources-normal/arm64 -Xcc -I/Volumes/MediaSSD/XC_BUILD/americo-whisper-avvwimpvamhlkygutqbuuzvflbzn/Build/Intermediates.noindex/americo-whisper.build/Debug/americo-whisper.build/DerivedSources/arm64 -Xcc -I/Volumes/MediaSSD/XC_BUILD/americo-whisper-avvwimpvamhlkygutqbuuzvflbzn/Build/Intermediates.noindex/americo-whisper.build/Debug/americo-whisper.build/DerivedSources -Xcc -DDEBUG\=1 -emit-objc-header -emit-objc-header-path /Volumes/MediaSSD/XC_BUILD/americo-whisper-avvwimpvamhlkygutqbuuzvflbzn/Build/Intermediates.noindex/americo-whisper.build/Debug/americo-whisper.build/Objects-normal/arm64/Américo_s_Whisper-Swift.h -working-directory /Users/americo/dev/Xcode\ Projects/americo-whisper -experimental-emit-module-separately -disable-cmo

Ld /Volumes/MediaSSD/XC_BUILD/americo-whisper-avvwimpvamhlkygutqbuuzvflbzn/Build/Products/Debug/Américo\'s\ Whisper.app/Contents/MacOS/Américo\'s\ Whisper.debug.dylib normal (in target 'americo-whisper' from project 'americo-whisper')
    cd /Users/americo/dev/Xcode\ Projects/americo-whisper
    /Applications/Xcode.app/Contents/Developer/Toolchains/XcodeDefault.xctoolchain/usr/bin/clang -Xlinker -reproducible -target arm64-apple-macos14.6 -dynamiclib -isysroot /Applications/Xcode.app/Contents/Developer/Platforms/MacOSX.platform/Developer/SDKs/MacOSX26.2.sdk -O0 -L/Volumes/MediaSSD/XC_BUILD/americo-whisper-avvwimpvamhlkygutqbuuzvflbzn/Build/Intermediates.noindex/EagerLinkingTBDs/Debug -L/Volumes/MediaSSD/XC_BUILD/americo-whisper-avvwimpvamhlkygutqbuuzvflbzn/Build/Products/Debug -F/Volumes/MediaSSD/XC_BUILD/americo-whisper-avvwimpvamhlkygutqbuuzvflbzn/Build/Intermediates.noindex/EagerLinkingTBDs/Debug -F/Volumes/MediaSSD/XC_BUILD/americo-whisper-avvwimpvamhlkygutqbuuzvflbzn/Build/Products/Debug -F/Users/americo/dev/Xcode\ Projects/americo-whisper -filelist /Volumes/MediaSSD/XC_BUILD/americo-whisper-avvwimpvamhlkygutqbuuzvflbzn/Build/Intermediates.noindex/americo-whisper.build/Debug/americo-whisper.build/Objects-normal/arm64/Américo\'s\ Whisper.LinkFileList -install_name @rpath/Américo\'s\ Whisper.debug.dylib -Xlinker -rpath -Xlinker /usr/lib/swift -Xlinker -rpath -Xlinker @executable_path/../Frameworks -dead_strip -Xlinker -object_path_lto -Xlinker /Volumes/MediaSSD/XC_BUILD/americo-whisper-avvwimpvamhlkygutqbuuzvflbzn/Build/Intermediates.noindex/americo-whisper.build/Debug/americo-whisper.build/Objects-normal/arm64/Américo\'s\ Whisper_lto.o -rdynamic -Xlinker -no_deduplicate -Xlinker -dependency_info -Xlinker /Volumes/MediaSSD/XC_BUILD/americo-whisper-avvwimpvamhlkygutqbuuzvflbzn/Build/Intermediates.noindex/americo-whisper.build/Debug/americo-whisper.build/Objects-normal/arm64/Américo\'s\ Whisper_dependency_info.dat -fobjc-link-runtime -L/Applications/Xcode.app/Contents/Developer/Toolchains/XcodeDefault.xctoolchain/usr/lib/swift/macosx -L/usr/lib/swift -Xlinker -add_ast_path -Xlinker /Volumes/MediaSSD/XC_BUILD/americo-whisper-avvwimpvamhlkygutqbuuzvflbzn/Build/Intermediates.noindex/americo-whisper.build/Debug/americo-whisper.build/Objects-normal/arm64/Américo_s_Whisper.swiftmodule @/Volumes/MediaSSD/XC_BUILD/americo-whisper-avvwimpvamhlkygutqbuuzvflbzn/Build/Intermediates.noindex/americo-whisper.build/Debug/americo-whisper.build/Objects-normal/arm64/Américo_s_Whisper-linker-args.resp -Xlinker -alias -Xlinker _main -Xlinker ___debug_main_executable_dylib_entry_point -framework AVFoundation -framework Metal -framework Accelerate -framework whisper -o /Volumes/MediaSSD/XC_BUILD/americo-whisper-avvwimpvamhlkygutqbuuzvflbzn/Build/Products/Debug/Américo\'s\ Whisper.app/Contents/MacOS/Américo\'s\ Whisper.debug.dylib

ConstructStubExecutorLinkFileList /Volumes/MediaSSD/XC_BUILD/americo-whisper-avvwimpvamhlkygutqbuuzvflbzn/Build/Intermediates.noindex/americo-whisper.build/Debug/americo-whisper.build/Américo\'s\ Whisper-ExecutorLinkFileList-normal-arm64.txt (in target 'americo-whisper' from project 'americo-whisper')
    cd /Users/americo/dev/Xcode\ Projects/americo-whisper
    construct-stub-executor-link-file-list /Volumes/MediaSSD/XC_BUILD/americo-whisper-avvwimpvamhlkygutqbuuzvflbzn/Build/Products/Debug/Américo\'s\ Whisper.app/Contents/MacOS/Américo\'s\ Whisper.debug.dylib /Applications/Xcode.app/Contents/Developer/Platforms/MacOSX.platform/Developer/usr/lib/libPreviewsJITStubExecutor_no_swift_entry_point.a /Applications/Xcode.app/Contents/Developer/Platforms/MacOSX.platform/Developer/usr/lib/libPreviewsJITStubExecutor.a --output /Volumes/MediaSSD/XC_BUILD/americo-whisper-avvwimpvamhlkygutqbuuzvflbzn/Build/Intermediates.noindex/americo-whisper.build/Debug/americo-whisper.build/Américo\'s\ Whisper-ExecutorLinkFileList-normal-arm64.txt
note: Using stub executor library with Swift entry point. (in target 'americo-whisper' from project 'americo-whisper')

Ld /Volumes/MediaSSD/XC_BUILD/americo-whisper-avvwimpvamhlkygutqbuuzvflbzn/Build/Products/Debug/Américo\'s\ Whisper.app/Contents/MacOS/Américo\'s\ Whisper normal (in target 'americo-whisper' from project 'americo-whisper')
    cd /Users/americo/dev/Xcode\ Projects/americo-whisper
    /Applications/Xcode.app/Contents/Developer/Toolchains/XcodeDefault.xctoolchain/usr/bin/clang -Xlinker -reproducible -target arm64-apple-macos14.6 -isysroot /Applications/Xcode.app/Contents/Developer/Platforms/MacOSX.platform/Developer/SDKs/MacOSX26.2.sdk -O0 -L/Volumes/MediaSSD/XC_BUILD/americo-whisper-avvwimpvamhlkygutqbuuzvflbzn/Build/Products/Debug -F/Volumes/MediaSSD/XC_BUILD/americo-whisper-avvwimpvamhlkygutqbuuzvflbzn/Build/Products/Debug -F/Users/americo/dev/Xcode\ Projects/americo-whisper -Xlinker -rpath -Xlinker @executable_path -Xlinker -rpath -Xlinker @executable_path/../Frameworks -rdynamic -Xlinker -no_deduplicate -e ___debug_blank_executor_main -Xlinker -sectcreate -Xlinker __TEXT -Xlinker __debug_dylib -Xlinker /Volumes/MediaSSD/XC_BUILD/americo-whisper-avvwimpvamhlkygutqbuuzvflbzn/Build/Intermediates.noindex/americo-whisper.build/Debug/americo-whisper.build/Américo\'s\ Whisper-DebugDylibPath-normal-arm64.txt -Xlinker -sectcreate -Xlinker __TEXT -Xlinker __debug_instlnm -Xlinker /Volumes/MediaSSD/XC_BUILD/americo-whisper-avvwimpvamhlkygutqbuuzvflbzn/Build/Intermediates.noindex/americo-whisper.build/Debug/americo-whisper.build/Américo\'s\ Whisper-DebugDylibInstallName-normal-arm64.txt -Xlinker -filelist -Xlinker /Volumes/MediaSSD/XC_BUILD/americo-whisper-avvwimpvamhlkygutqbuuzvflbzn/Build/Intermediates.noindex/americo-whisper.build/Debug/americo-whisper.build/Américo\'s\ Whisper-ExecutorLinkFileList-normal-arm64.txt /Volumes/MediaSSD/XC_BUILD/americo-whisper-avvwimpvamhlkygutqbuuzvflbzn/Build/Products/Debug/Américo\'s\ Whisper.app/Contents/MacOS/Américo\'s\ Whisper.debug.dylib -o /Volumes/MediaSSD/XC_BUILD/americo-whisper-avvwimpvamhlkygutqbuuzvflbzn/Build/Products/Debug/Américo\'s\ Whisper.app/Contents/MacOS/Américo\'s\ Whisper

Copy /Volumes/MediaSSD/XC_BUILD/americo-whisper-avvwimpvamhlkygutqbuuzvflbzn/Build/Products/Debug/Américo\'s\ Whisper.app/Contents/Frameworks/whisper.framework /Users/americo/dev/Xcode\ Projects/americo-whisper/whisper.framework (in target 'americo-whisper' from project 'americo-whisper')
    cd /Users/americo/dev/Xcode\ Projects/americo-whisper
    builtin-copy -exclude .DS_Store -exclude CVS -exclude .svn -exclude .git -exclude .hg -exclude Headers -exclude PrivateHeaders -exclude Modules -exclude \*.tbd -resolve-src-symlinks -remove-static-executable /Users/americo/dev/Xcode\ Projects/americo-whisper/whisper.framework /Volumes/MediaSSD/XC_BUILD/americo-whisper-avvwimpvamhlkygutqbuuzvflbzn/Build/Products/Debug/Américo\'s\ Whisper.app/Contents/Frameworks

ProcessInfoPlistFile /Volumes/MediaSSD/XC_BUILD/americo-whisper-avvwimpvamhlkygutqbuuzvflbzn/Build/Products/Debug/Américo\'s\ Whisper.app/Contents/Info.plist /Users/americo/dev/Xcode\ Projects/americo-whisper/americo-whisper/Info.plist (in target 'americo-whisper' from project 'americo-whisper')
    cd /Users/americo/dev/Xcode\ Projects/americo-whisper
    builtin-infoPlistUtility /Users/americo/dev/Xcode\ Projects/americo-whisper/americo-whisper/Info.plist -producttype com.apple.product-type.application -genpkginfo /Volumes/MediaSSD/XC_BUILD/americo-whisper-avvwimpvamhlkygutqbuuzvflbzn/Build/Products/Debug/Américo\'s\ Whisper.app/Contents/PkgInfo -expandbuildsettings -platform macosx -additionalcontentfile /Volumes/MediaSSD/XC_BUILD/americo-whisper-avvwimpvamhlkygutqbuuzvflbzn/Build/Intermediates.noindex/americo-whisper.build/Debug/americo-whisper.build/assetcatalog_generated_info.plist -scanforprivacyfile /Volumes/MediaSSD/XC_BUILD/americo-whisper-avvwimpvamhlkygutqbuuzvflbzn/Build/Products/Debug/Américo\'s\ Whisper.app/Contents/Frameworks/whisper.framework -o /Volumes/MediaSSD/XC_BUILD/americo-whisper-avvwimpvamhlkygutqbuuzvflbzn/Build/Products/Debug/Américo\'s\ Whisper.app/Contents/Info.plist

CopySwiftLibs /Volumes/MediaSSD/XC_BUILD/americo-whisper-avvwimpvamhlkygutqbuuzvflbzn/Build/Products/Debug/Américo\'s\ Whisper.app (in target 'americo-whisper' from project 'americo-whisper')
    cd /Users/americo/dev/Xcode\ Projects/americo-whisper
    builtin-swiftStdLibTool --copy --verbose --scan-executable /Volumes/MediaSSD/XC_BUILD/americo-whisper-avvwimpvamhlkygutqbuuzvflbzn/Build/Products/Debug/Américo\'s\ Whisper.app/Contents/MacOS/Américo\'s\ Whisper.debug.dylib --scan-folder /Volumes/MediaSSD/XC_BUILD/americo-whisper-avvwimpvamhlkygutqbuuzvflbzn/Build/Products/Debug/Américo\'s\ Whisper.app/Contents/Frameworks --scan-folder /Volumes/MediaSSD/XC_BUILD/americo-whisper-avvwimpvamhlkygutqbuuzvflbzn/Build/Products/Debug/Américo\'s\ Whisper.app/Contents/PlugIns --scan-folder /Volumes/MediaSSD/XC_BUILD/americo-whisper-avvwimpvamhlkygutqbuuzvflbzn/Build/Products/Debug/Américo\'s\ Whisper.app/Contents/Library/SystemExtensions --scan-folder /Volumes/MediaSSD/XC_BUILD/americo-whisper-avvwimpvamhlkygutqbuuzvflbzn/Build/Products/Debug/Américo\'s\ Whisper.app/Contents/Extensions --scan-folder /Applications/Xcode.app/Contents/Developer/Platforms/MacOSX.platform/Developer/SDKs/MacOSX26.2.sdk/System/Library/Frameworks/AVFoundation.framework --scan-folder /Applications/Xcode.app/Contents/Developer/Platforms/MacOSX.platform/Developer/SDKs/MacOSX26.2.sdk/System/Library/Frameworks/Metal.framework --scan-folder /Applications/Xcode.app/Contents/Developer/Platforms/MacOSX.platform/Developer/SDKs/MacOSX26.2.sdk/System/Library/Frameworks/Accelerate.framework --scan-folder /Users/americo/dev/Xcode\ Projects/americo-whisper/whisper.framework --platform macosx --toolchain /var/run/com.apple.security.cryptexd/mnt/com.apple.MobileAsset.MetalToolchain-v17.3.7003.10.z6zved/Metal.xctoolchain --toolchain /Applications/Xcode.app/Contents/Developer/Toolchains/XcodeDefault.xctoolchain --destination /Volumes/MediaSSD/XC_BUILD/americo-whisper-avvwimpvamhlkygutqbuuzvflbzn/Build/Products/Debug/Américo\'s\ Whisper.app/Contents/Frameworks --strip-bitcode --strip-bitcode-tool /Applications/Xcode.app/Contents/Developer/Toolchains/XcodeDefault.xctoolchain/usr/bin/bitcode_strip --emit-dependency-info /Volumes/MediaSSD/XC_BUILD/americo-whisper-avvwimpvamhlkygutqbuuzvflbzn/Build/Intermediates.noindex/americo-whisper.build/Debug/americo-whisper.build/SwiftStdLibToolInputDependencies.dep --filter-for-swift-os --back-deploy-swift-span
Ignoring --strip-bitcode because --sign was not passed

ExtractAppIntentsMetadata (in target 'americo-whisper' from project 'americo-whisper')
    cd /Users/americo/dev/Xcode\ Projects/americo-whisper
    /Applications/Xcode.app/Contents/Developer/Toolchains/XcodeDefault.xctoolchain/usr/bin/appintentsmetadataprocessor --toolchain-dir /var/run/com.apple.security.cryptexd/mnt/com.apple.MobileAsset.MetalToolchain-v17.3.7003.10.z6zved/Metal.xctoolchain --module-name Américo_s_Whisper --sdk-root /Applications/Xcode.app/Contents/Developer/Platforms/MacOSX.platform/Developer/SDKs/MacOSX26.2.sdk --xcode-version 17C529 --platform-family macOS --deployment-target 14.6 --bundle-identifier com.americobcn.americo-whisper --output /Volumes/MediaSSD/XC_BUILD/americo-whisper-avvwimpvamhlkygutqbuuzvflbzn/Build/Products/Debug/Américo\'s\ Whisper.app/Contents/Resources --target-triple arm64-apple-macos14.6 --binary-file /Volumes/MediaSSD/XC_BUILD/americo-whisper-avvwimpvamhlkygutqbuuzvflbzn/Build/Products/Debug/Américo\'s\ Whisper.app/Contents/MacOS/Américo\'s\ Whisper --dependency-file /Volumes/MediaSSD/XC_BUILD/americo-whisper-avvwimpvamhlkygutqbuuzvflbzn/Build/Intermediates.noindex/americo-whisper.build/Debug/americo-whisper.build/Objects-normal/arm64/Américo\'s\ Whisper_dependency_info.dat --stringsdata-file /Volumes/MediaSSD/XC_BUILD/americo-whisper-avvwimpvamhlkygutqbuuzvflbzn/Build/Intermediates.noindex/americo-whisper.build/Debug/americo-whisper.build/Objects-normal/arm64/ExtractedAppShortcutsMetadata.stringsdata --source-file-list /Volumes/MediaSSD/XC_BUILD/americo-whisper-avvwimpvamhlkygutqbuuzvflbzn/Build/Intermediates.noindex/americo-whisper.build/Debug/americo-whisper.build/Objects-normal/arm64/Américo\'s\ Whisper.SwiftFileList --metadata-file-list /Volumes/MediaSSD/XC_BUILD/americo-whisper-avvwimpvamhlkygutqbuuzvflbzn/Build/Intermediates.noindex/americo-whisper.build/Debug/americo-whisper.build/Américo\'s\ Whisper.DependencyMetadataFileList --static-metadata-file-list /Volumes/MediaSSD/XC_BUILD/americo-whisper-avvwimpvamhlkygutqbuuzvflbzn/Build/Intermediates.noindex/americo-whisper.build/Debug/americo-whisper.build/Américo\'s\ Whisper.DependencyStaticMetadataFileList --swift-const-vals-list /Volumes/MediaSSD/XC_BUILD/americo-whisper-avvwimpvamhlkygutqbuuzvflbzn/Build/Intermediates.noindex/americo-whisper.build/Debug/americo-whisper.build/Objects-normal/arm64/Américo\'s\ Whisper.SwiftConstValuesFileList --compile-time-extraction --deployment-aware-processing --validate-assistant-intents --no-app-shortcuts-localization
2026-03-29 14:09:18.876 appintentsmetadataprocessor[3265:35135] Starting appintentsmetadataprocessor export
2026-03-29 14:09:18.877 appintentsmetadataprocessor[3265:35135] warning: Metadata extraction skipped. No AppIntents.framework dependency found.

RegisterExecutionPolicyException /Volumes/MediaSSD/XC_BUILD/americo-whisper-avvwimpvamhlkygutqbuuzvflbzn/Build/Products/Debug/Américo\'s\ Whisper.app (in target 'americo-whisper' from project 'americo-whisper')
    cd /Users/americo/dev/Xcode\ Projects/americo-whisper
    builtin-RegisterExecutionPolicyException /Volumes/MediaSSD/XC_BUILD/americo-whisper-avvwimpvamhlkygutqbuuzvflbzn/Build/Products/Debug/Américo\'s\ Whisper.app

Validate /Volumes/MediaSSD/XC_BUILD/americo-whisper-avvwimpvamhlkygutqbuuzvflbzn/Build/Products/Debug/Américo\'s\ Whisper.app (in target 'americo-whisper' from project 'americo-whisper')
    cd /Users/americo/dev/Xcode\ Projects/americo-whisper
    builtin-validationUtility /Volumes/MediaSSD/XC_BUILD/americo-whisper-avvwimpvamhlkygutqbuuzvflbzn/Build/Products/Debug/Américo\'s\ Whisper.app -no-validate-extension -infoplist-subpath Contents/Info.plist

Touch /Volumes/MediaSSD/XC_BUILD/americo-whisper-avvwimpvamhlkygutqbuuzvflbzn/Build/Products/Debug/Américo\'s\ Whisper.app (in target 'americo-whisper' from project 'americo-whisper')
    cd /Users/americo/dev/Xcode\ Projects/americo-whisper
    /usr/bin/touch -c /Volumes/MediaSSD/XC_BUILD/americo-whisper-avvwimpvamhlkygutqbuuzvflbzn/Build/Products/Debug/Américo\'s\ Whisper.app

RegisterWithLaunchServices /Volumes/MediaSSD/XC_BUILD/americo-whisper-avvwimpvamhlkygutqbuuzvflbzn/Build/Products/Debug/Américo\'s\ Whisper.app (in target 'americo-whisper' from project 'americo-whisper')
    cd /Users/americo/dev/Xcode\ Projects/americo-whisper
    /System/Library/Frameworks/CoreServices.framework/Versions/Current/Frameworks/LaunchServices.framework/Versions/Current/Support/lsregister -f -R -trusted /Volumes/MediaSSD/XC_BUILD/americo-whisper-avvwimpvamhlkygutqbuuzvflbzn/Build/Products/Debug/Américo\'s\ Whisper.app

GenerateSwiftModulesReport
whisper (Clang): 1 variant

Full report written to '/Volumes/MediaSSD/XC_BUILD/americo-whisper-avvwimpvamhlkygutqbuuzvflbzn/Build/Intermediates.noindex/XCBuildData/swiftmodulesreport'
Build Timing Summary

SwiftCompile (14 tasks) | 4.683 seconds

SwiftEmitModule (1 task) | 0.291 seconds

CompileAssetCatalogVariant (1 task) | 0.265 seconds

SwiftDriver (1 task) | 0.249 seconds

Ld (3 tasks) | 0.243 seconds

Copy (5 tasks) | 0.024 seconds

CopySwiftLibs (1 task) | 0.019 seconds

RegisterWithLaunchServices (1 task) | 0.016 seconds

ExtractAppIntentsMetadata (1 task) | 0.011 seconds

GenerateAssetSymbols (1 task) | 0.008 seconds

LinkAssetCatalog (1 task) | 0.007 seconds

RegisterExecutionPolicyException (1 task) | 0.006 seconds

ProcessInfoPlistFile (1 task) | 0.005 seconds

WriteAuxiliaryFile (15 tasks) | 0.003 seconds

Touch (1 task) | 0.001 seconds

ConstructStubExecutorLinkFileList (1 task) | 0.001 seconds

SwiftDriver Compilation Requirements (1 task) | 0.001 seconds

SwiftDriver Compilation (1 task) | 0.001 seconds

Validate (1 task) | 0.001 seconds

SwiftMergeGeneratedHeaders (1 task) | 0.000 seconds

** BUILD SUCCEEDED **

--- xcodebuild: WARNING: Using the first of multiple matching destinations:
{ platform:macOS, arch:arm64, id:00006040-001660A222EA801C, name:My Mac }
{ platform:macOS, arch:x86_64, id:00006040-001660A222EA801C, name:My Mac }
