Command line invocation:
    /Applications/Xcode.app/Contents/Developer/usr/bin/xcodebuild -project americo-whisper.xcodeproj -scheme americo-whisper -configuration Debug -destination platform=macOS CODE_SIGNING_ALLOWED=NO build -showBuildTimingSummary

Build settings from command line:
    CODE_SIGNING_ALLOWED = NO

ComputePackagePrebuildTargetDependencyGraph

Prepare packages

CreateBuildRequest

SendProjectDescription

CreateBuildOperation

ComputeTargetDependencyGraph
note: Building targets in dependency order
note: Target dependency graph (1 target)
    Target 'americo-whisper' in project 'americo-whisper' (no dependencies)

GatherProvisioningInputs

CreateBuildDescription

ExecuteExternalTool /Applications/Xcode.app/Contents/Developer/Toolchains/XcodeDefault.xctoolchain/usr/bin/clang -v -E -dM -isysroot /Applications/Xcode.app/Contents/Developer/Platforms/MacOSX.platform/Developer/SDKs/MacOSX26.2.sdk -x c -c /dev/null

ExecuteExternalTool /Applications/Xcode.app/Contents/Developer/usr/bin/actool --version --output-format xml1

ExecuteExternalTool /Applications/Xcode.app/Contents/Developer/Toolchains/XcodeDefault.xctoolchain/usr/bin/swiftc --version

ExecuteExternalTool /Applications/Xcode.app/Contents/Developer/Toolchains/XcodeDefault.xctoolchain/usr/bin/ld -version_details

Build description signature: 9753fda4175e4aad4a521ca78043aa8d
Build description path: /Volumes/MediaSSD/XC_BUILD/americo-whisper-avvwimpvamhlkygutqbuuzvflbzn/Build/Intermediates.noindex/XCBuildData/9753fda4175e4aad4a521ca78043aa8d.xcbuilddata
ClangStatCache /Applications/Xcode.app/Contents/Developer/Toolchains/XcodeDefault.xctoolchain/usr/bin/clang-stat-cache /Applications/Xcode.app/Contents/Developer/Platforms/MacOSX.platform/Developer/SDKs/MacOSX26.2.sdk /Volumes/MediaSSD/XC_BUILD/SDKStatCaches.noindex/macosx26.2-25C58-dc75598d0054f22ec865fa860f139d7200fa09913b459cbbc988d1f6730289ae.sdkstatcache
    cd /Users/americo/dev/Xcode\ Projects/americo-whisper/americo-whisper.xcodeproj
    /Applications/Xcode.app/Contents/Developer/Toolchains/XcodeDefault.xctoolchain/usr/bin/clang-stat-cache /Applications/Xcode.app/Contents/Developer/Platforms/MacOSX.platform/Developer/SDKs/MacOSX26.2.sdk -o /Volumes/MediaSSD/XC_BUILD/SDKStatCaches.noindex/macosx26.2-25C58-dc75598d0054f22ec865fa860f139d7200fa09913b459cbbc988d1f6730289ae.sdkstatcache

CopySwiftLibs /Volumes/MediaSSD/XC_BUILD/americo-whisper-avvwimpvamhlkygutqbuuzvflbzn/Build/Products/Debug/Américo\'s\ Whisper.app (in target 'americo-whisper' from project 'americo-whisper')
    cd /Users/americo/dev/Xcode\ Projects/americo-whisper
    builtin-swiftStdLibTool --copy --verbose --scan-executable /Volumes/MediaSSD/XC_BUILD/americo-whisper-avvwimpvamhlkygutqbuuzvflbzn/Build/Products/Debug/Américo\'s\ Whisper.app/Contents/MacOS/Américo\'s\ Whisper.debug.dylib --scan-folder /Volumes/MediaSSD/XC_BUILD/americo-whisper-avvwimpvamhlkygutqbuuzvflbzn/Build/Products/Debug/Américo\'s\ Whisper.app/Contents/Frameworks --scan-folder /Volumes/MediaSSD/XC_BUILD/americo-whisper-avvwimpvamhlkygutqbuuzvflbzn/Build/Products/Debug/Américo\'s\ Whisper.app/Contents/PlugIns --scan-folder /Volumes/MediaSSD/XC_BUILD/americo-whisper-avvwimpvamhlkygutqbuuzvflbzn/Build/Products/Debug/Américo\'s\ Whisper.app/Contents/Library/SystemExtensions --scan-folder /Volumes/MediaSSD/XC_BUILD/americo-whisper-avvwimpvamhlkygutqbuuzvflbzn/Build/Products/Debug/Américo\'s\ Whisper.app/Contents/Extensions --scan-folder /Applications/Xcode.app/Contents/Developer/Platforms/MacOSX.platform/Developer/SDKs/MacOSX26.2.sdk/System/Library/Frameworks/AVFoundation.framework --scan-folder /Applications/Xcode.app/Contents/Developer/Platforms/MacOSX.platform/Developer/SDKs/MacOSX26.2.sdk/System/Library/Frameworks/Metal.framework --scan-folder /Applications/Xcode.app/Contents/Developer/Platforms/MacOSX.platform/Developer/SDKs/MacOSX26.2.sdk/System/Library/Frameworks/Accelerate.framework --scan-folder /Users/americo/dev/Xcode\ Projects/americo-whisper/whisper.framework --platform macosx --toolchain /var/run/com.apple.security.cryptexd/mnt/com.apple.MobileAsset.MetalToolchain-v17.3.7003.10.z6zved/Metal.xctoolchain --toolchain /Applications/Xcode.app/Contents/Developer/Toolchains/XcodeDefault.xctoolchain --destination /Volumes/MediaSSD/XC_BUILD/americo-whisper-avvwimpvamhlkygutqbuuzvflbzn/Build/Products/Debug/Américo\'s\ Whisper.app/Contents/Frameworks --strip-bitcode --strip-bitcode-tool /Applications/Xcode.app/Contents/Developer/Toolchains/XcodeDefault.xctoolchain/usr/bin/bitcode_strip --emit-dependency-info /Volumes/MediaSSD/XC_BUILD/americo-whisper-avvwimpvamhlkygutqbuuzvflbzn/Build/Intermediates.noindex/americo-whisper.build/Debug/americo-whisper.build/SwiftStdLibToolInputDependencies.dep --filter-for-swift-os --back-deploy-swift-span
Ignoring --strip-bitcode because --sign was not passed

ProcessInfoPlistFile /Volumes/MediaSSD/XC_BUILD/americo-whisper-avvwimpvamhlkygutqbuuzvflbzn/Build/Products/Debug/Américo\'s\ Whisper.app/Contents/Info.plist /Users/americo/dev/Xcode\ Projects/americo-whisper/americo-whisper/Info.plist (in target 'americo-whisper' from project 'americo-whisper')
    cd /Users/americo/dev/Xcode\ Projects/americo-whisper
    builtin-infoPlistUtility /Users/americo/dev/Xcode\ Projects/americo-whisper/americo-whisper/Info.plist -producttype com.apple.product-type.application -genpkginfo /Volumes/MediaSSD/XC_BUILD/americo-whisper-avvwimpvamhlkygutqbuuzvflbzn/Build/Products/Debug/Américo\'s\ Whisper.app/Contents/PkgInfo -expandbuildsettings -platform macosx -additionalcontentfile /Volumes/MediaSSD/XC_BUILD/americo-whisper-avvwimpvamhlkygutqbuuzvflbzn/Build/Intermediates.noindex/americo-whisper.build/Debug/americo-whisper.build/assetcatalog_generated_info.plist -scanforprivacyfile /Volumes/MediaSSD/XC_BUILD/americo-whisper-avvwimpvamhlkygutqbuuzvflbzn/Build/Products/Debug/Américo\'s\ Whisper.app/Contents/Frameworks/whisper.framework -o /Volumes/MediaSSD/XC_BUILD/americo-whisper-avvwimpvamhlkygutqbuuzvflbzn/Build/Products/Debug/Américo\'s\ Whisper.app/Contents/Info.plist

Build Timing Summary

CopySwiftLibs (1 task) | 0.018 seconds

ProcessInfoPlistFile (1 task) | 0.005 seconds

** BUILD SUCCEEDED **

--- xcodebuild: WARNING: Using the first of multiple matching destinations:
{ platform:macOS, arch:arm64, id:00006040-001660A222EA801C, name:My Mac }
{ platform:macOS, arch:x86_64, id:00006040-001660A222EA801C, name:My Mac }
